Microchip MPLAB XC8 Compiler V2.00 ()

Linker command line:

-W-3 --edf=C:\Program Files (x86)\Microchip\xc8\v2.00\pic\dat\en_msgs.txt \
  -cs -h+dist/default/production\sourcePico.production.sym \
  --cmf=dist/default/production\sourcePico.production.cmf -z -Q16LF1509 \
  -oC:\Users\BitWise\AppData\Local\Temp\s2is.2 --defsym=__MPLAB_BUILD=1 \
  -Mdist/default/production/sourcePico.production.map -E1 -ver=XC8 \
  --acfsm=1493 -ASTACK=02190h-021efh -pstack=STACK -ACODE=00h-07FFhx4 \
  -ASTRCODE=00h-01FFFh -ASTRING=00h-0FFhx32 -ACONST=00h-0FFhx32 \
  -AENTRY=00h-0FFhx32 -ACOMMON=070h-07Fh -ABANK0=020h-06Fh \
  -ABANK1=0A0h-0EFh -ABANK2=0120h-016Fh -ABANK3=01A0h-01EFh \
  -ABANK4=0220h-026Fh -ABANK5=02A0h-02EFh -ABANK6=0320h-032Fh \
  -ABIGRAM=02000h-021EFh \
  -ARAM=020h-06Fh,0A0h-0EFh,0120h-016Fh,01A0h-01EFh,0220h-026Fh,02A0h-02EFh,0320h-032Fh \
  -AABS1=020h-07Fh,0A0h-0EFh,0120h-016Fh,01A0h-01EFh,0220h-026Fh,02A0h-02EFh,0320h-032Fh \
  -ASFR0=00h-01Fh -ASFR1=080h-09Fh -ASFR2=0100h-011Fh -ASFR3=0180h-019Fh \
  -ASFR4=0200h-021Fh -ASFR5=0280h-029Fh -ASFR6=0300h-031Fh \
  -ASFR7=0380h-03EFh -ASFR8=0400h-046Fh -ASFR9=0480h-04EFh \
  -ASFR10=0500h-056Fh -ASFR11=0580h-05EFh -ASFR12=0600h-066Fh \
  -ASFR13=0680h-06EFh -ASFR14=0700h-076Fh -ASFR15=0780h-07EFh \
  -ASFR16=0800h-086Fh -ASFR17=0880h-08EFh -ASFR18=0900h-096Fh \
  -ASFR19=0980h-09EFh -ASFR20=0A00h-0A6Fh -ASFR21=0A80h-0AEFh \
  -ASFR22=0B00h-0B6Fh -ASFR23=0B80h-0BEFh -ASFR24=0C00h-0C6Fh \
  -ASFR25=0C80h-0CEFh -ASFR26=0D00h-0D6Fh -ASFR27=0D80h-0DEFh \
  -ASFR28=0E00h-0E6Fh -ASFR29=0E80h-0EEFh -ASFR30=0F00h-0F6Fh \
  -ASFR31=0F80h-0FEFh -preset_vec=00h,intentry=04h,init,end_init \
  -ppowerup=CODE -pcinit=CODE -pfunctab=ENTRY -ACONFIG=08007h-08008h \
  -pconfig=CONFIG -DCONFIG=2 -AIDLOC=08000h-08003h -pidloc=IDLOC -DIDLOC=2 \
  -DCODE=2 -DSTRCODE=2 -DSTRING=2 -DCONST=2 -DENTRY=2 -k \
  C:\Users\BitWise\AppData\Local\Temp\s2is.o \
  dist/default/production\sourcePico.production.o 

Object code version is 3.11

Machine type is 16LF1509



                Name                               Link     Load   Length Selector   Space Scale
C:\Users\BitWise\AppData\Local\Temp\s2is.o
                end_init                             2D       2D        2        8       0
                reset_vec                             0        0        2        0       0
                config                             8007     8007        2    1000E       0
dist/default/production\sourcePico.production.o
                intentry                              4        4       29        8       0
                text192                               2        2        2        0       0
                swtext3                            1800     1800       18     3000       0
                text189                             670      670      112        8       0
                text188                            1C62     1C62        1     38C4       0
                text186                             7FF      7FF        1        8       0
                text184                            1D1B     1D1B       22     3A36       0
                text179                             782      782       67        8       0
                text174                            1CAE     1CAE       1B     395C       0
                text145                            1C63     1C63        3     38C6       0
                text136                            1C70     1C70        6     38E0       0
                text132                            1C8A     1C8A        9     3914       0
                text131                            1C93     1C93        9     3926       0
                text128                            1E97     1E97       A1     3D2E       0
                swtext2                            1837     1837        C     306E       0
                text80                             1C6C     1C6C        4     38D8       0
                text64                               2F       2F      3BC        8       0
                text57                              535      535      13B        8       0
                text51                              3EB      3EB      14A        8       0
                text40                             1E12     1E12       85     3C24       0
                text35                             1CC9     1CC9       1B     3992       0
                text34                              7E9      7E9       16        8       0
                text32                             1DBE     1DBE       54     3B7C       0
                text29                             1C66     1C66        3     38CC       0
                text27                             1C69     1C69        3     38D2       0
                text25                             1D63     1D63       2B     3AC6       0
                text24                              800      800      800     1000       0
                text23                             1C9C     1C9C       12     3938       0
                text21                             100E     100E      7F2     201C       0
                text15                             1CE4     1CE4       1B     39C8       0
                text14                             1CFF     1CFF       1C     39FE       0
                swtext1                            1000     1000        E     2000       0
                text9                              1C82     1C82        8     3904       0
                text4                              1F38     1F38       C8     3E70       0
                cstackBANK0                          20       20       50       20       1
                cstackCOMMON                         70       70        9       70       1
                cstackBANK1                          C5       C5       24       A0       1
                clrtext                            1C76     1C76        6     38EC       0
                inittext                           1C7C     1C7C        6     38F8       0
                dataBANK4                           220      220       30      220       1
                bssBANK4                            250      250       20      220       1
                dataBANK3                           1A0      1A0       26      1A0       1
                bssBANK3                            1C6      1C6        B      1A0       1
                bssBANK2                            120      120       50      120       1
                dataBANK1                            E9       E9        6       A0       1
                bssBANK1                             A0       A0       25       A0       1
                bssCOMMON                            79       79        5       70       1
                stringtext7                        1867     1867        6     3086       0
                stringtext6                        1860     1860        7     3086       0
                stringtext5                        1857     1857        9     3086       0
                stringtext4                        184E     184E        9     3086       0
                stringtext3                        1843     1843        B     3086       0
                stringtext2                        1818     1818       11     3030       0
                stringtext1                        1829     1829        E     3030       0
                idataBANK4                         1D8E     1D8E       30     3B1C       0
                idataBANK3                         1D3D     1D3D       26     3A7A       0

TOTAL           Name                               Link     Load   Length     Space
        CLASS   STACK          

        CLASS   CODE           
                end_init                             2D       2D        2         0
                intentry                              4        4       29         0
                reset_vec                             0        0        2         0
                text192                               2        2        2         0
                text189                             670      670      112         0
                text188                            1C62     1C62        1         0
                text186                             7FF      7FF        1         0
                text184                            1D1B     1D1B       22         0
                text179                             782      782       67         0
                text174                            1CAE     1CAE       1B         0
                text145                            1C63     1C63        3         0
                text136                            1C70     1C70        6         0
                text132                            1C8A     1C8A        9         0
                text131                            1C93     1C93        9         0
                text128                            1E97     1E97       A1         0
                text80                             1C6C     1C6C        4         0
                text64                               2F       2F      3BC         0
                text57                              535      535      13B         0
                text51                              3EB      3EB      14A         0
                text40                             1E12     1E12       85         0
                text35                             1CC9     1CC9       1B         0
                text34                              7E9      7E9       16         0
                text32                             1DBE     1DBE       54         0
                text29                             1C66     1C66        3         0
                text27                             1C69     1C69        3         0
                text25                             1D63     1D63       2B         0
                text24                              800      800      800         0
                text23                             1C9C     1C9C       12         0
                text21                             100E     100E      7F2         0
                text15                             1CE4     1CE4       1B         0
                text14                             1CFF     1CFF       1C         0
                text9                              1C82     1C82        8         0
                text4                              1F38     1F38       C8         0
                clrtext                            1C76     1C76        6         0
                inittext                           1C7C     1C7C        6         0
                idataBANK4                         1D8E     1D8E       30         0
                idataBANK3                         1D3D     1D3D       26         0

        CLASS   STRCODE        
                stringtext7                        1867     1867        6         0
                stringtext6                        1860     1860        7         0
                stringtext5                        1857     1857        9         0
                stringtext4                        184E     184E        9         0
                stringtext3                        1843     1843        B         0
                stringtext2                        1818     1818       11         0
                stringtext1                        1829     1829        E         0

        CLASS   STRING         

        CLASS   CONST          
                swtext3                            1800     1800       18         0
                swtext2                            1837     1837        C         0
                swtext1                            1000     1000        E         0

        CLASS   ENTRY          

        CLASS   COMMON         
                cstackCOMMON                         70       70        9         1
                bssCOMMON                            79       79        5         1

        CLASS   BANK0          
                cstackBANK0                          20       20       50         1

        CLASS   BANK1          
                cstackBANK1                          C5       C5       24         1
                dataBANK1                            E9       E9        6         1
                bssBANK1                             A0       A0       25         1

        CLASS   BANK2          
                bssBANK2                            120      120       50         1

        CLASS   BANK3          
                dataBANK3                           1A0      1A0       26         1
                bssBANK3                            1C6      1C6        B         1

        CLASS   BANK4          
                dataBANK4                           220      220       30         1
                bssBANK4                            250      250       20         1

        CLASS   BANK5          

        CLASS   BANK6          

        CLASS   BIGRAM         

        CLASS   RAM            

        CLASS   ABS1           
                abs_s1                               7E       7E        2         1

        CLASS   SFR0           

        CLASS   SFR1           

        CLASS   SFR2           

        CLASS   SFR3           

        CLASS   SFR4           

        CLASS   SFR5           

        CLASS   SFR6           

        CLASS   SFR7           

        CLASS   SFR8           

        CLASS   SFR9           

        CLASS   SFR10          

        CLASS   SFR11          

        CLASS   SFR12          

        CLASS   SFR13          

        CLASS   SFR14          

        CLASS   SFR15          

        CLASS   SFR16          

        CLASS   SFR17          

        CLASS   SFR18          

        CLASS   SFR19          

        CLASS   SFR20          

        CLASS   SFR21          

        CLASS   SFR22          

        CLASS   SFR23          

        CLASS   SFR24          

        CLASS   SFR25          

        CLASS   SFR26          

        CLASS   SFR27          

        CLASS   SFR28          

        CLASS   SFR29          

        CLASS   SFR30          

        CLASS   SFR31          

        CLASS   CONFIG         
                config                             8007     8007        2         0

        CLASS   IDLOC          

        CLASS   BANK31         

        CLASS   BANK30         

        CLASS   BANK29         

        CLASS   BANK28         

        CLASS   BANK27         

        CLASS   BANK26         

        CLASS   BANK25         

        CLASS   BANK24         

        CLASS   BANK23         

        CLASS   BANK22         

        CLASS   BANK21         

        CLASS   BANK20         

        CLASS   BANK19         

        CLASS   BANK18         

        CLASS   BANK17         

        CLASS   BANK16         

        CLASS   BANK15         

        CLASS   BANK14         

        CLASS   BANK13         

        CLASS   BANK12         

        CLASS   BANK11         

        CLASS   BANK10         

        CLASS   BANK9          

        CLASS   BANK8          

        CLASS   BANK7          

        CLASS   EEDATA         



SEGMENTS        Name                           Load    Length   Top    Selector   Space  Class     Delta

                reset_vec                      000000  000004  000004         0       0  CODE        2
                intentry                       000004  0007FC  000800         8       0  CODE        2
                cstackBANK0                    000020  000050  000070        20       1  BANK0       1
                cstackCOMMON                   000070  00000E  00007E        70       1  COMMON      1
                bssBANK1                       0000A0  00004F  0000EF        A0       1  BANK1       1
                bssBANK2                       000120  000050  000170       120       1  BANK2       1
                dataBANK3                      0001A0  000031  0001D1       1A0       1  BANK3       1
                dataBANK4                      000220  000050  000270       220       1  BANK4       1
                text24                         000800  000800  001000      1000       0  CODE        2
                swtext1                        001000  00000E  00100E      2000       0  CONST       2
                text21                         00100E  0007F2  001800      201C       0  CODE        2
                swtext3                        001800  000018  001818      3000       0  CONST       2
                stringtext2                    001818  00001F  001837      3030       0  STRCODE     2
                swtext2                        001837  00000C  001843      306E       0  CONST       2
                stringtext3                    001843  00002A  00186D      3086       0  STRCODE     2
                text188                        001C62  000001  001C63      38C4       0  CODE        2
                text145                        001C63  000003  001C66      38C6       0  CODE        2
                text29                         001C66  000003  001C69      38CC       0  CODE        2
                text27                         001C69  000003  001C6C      38D2       0  CODE        2
                text80                         001C6C  000004  001C70      38D8       0  CODE        2
                text136                        001C70  000006  001C76      38E0       0  CODE        2
                clrtext                        001C76  000006  001C7C      38EC       0  CODE        2
                inittext                       001C7C  000006  001C82      38F8       0  CODE        2
                text9                          001C82  000008  001C8A      3904       0  CODE        2
                text132                        001C8A  000009  001C93      3914       0  CODE        2
                text131                        001C93  000009  001C9C      3926       0  CODE        2
                text23                         001C9C  000012  001CAE      3938       0  CODE        2
                text174                        001CAE  00001B  001CC9      395C       0  CODE        2
                text35                         001CC9  00001B  001CE4      3992       0  CODE        2
                text15                         001CE4  00001B  001CFF      39C8       0  CODE        2
                text14                         001CFF  00001C  001D1B      39FE       0  CODE        2
                text184                        001D1B  000022  001D3D      3A36       0  CODE        2
                idataBANK3                     001D3D  000026  001D63      3A7A       0  CODE        2
                text25                         001D63  00002B  001D8E      3AC6       0  CODE        2
                idataBANK4                     001D8E  000030  001DBE      3B1C       0  CODE        2
                text32                         001DBE  000054  001E12      3B7C       0  CODE        2
                text40                         001E12  000085  001E97      3C24       0  CODE        2
                text128                        001E97  0000A1  001F38      3D2E       0  CODE        2
                text4                          001F38  0000C8  002000      3E70       0  CODE        2
                config                         008007  000002  008009     1000E       0  CONFIG      2


UNUSED ADDRESS RANGES

        Name                Unused          Largest block    Delta
        BANK1            000EF-000EF               1           1
        BANK3            001D1-001EF              1F           1
        BANK5            002A0-002EF              50           1
        BANK6            00320-0032F              10           1
        BIGRAM           02000-021EF             1F0           1
        CODE             0186D-01C61             3F5           2
        CONST            0186D-01C61             100           2
        ENTRY            0186D-01C61             100           2
        IDLOC            08000-08003               4           2
        RAM              000EF-000EF               1           1
                         001D1-001EF              1F
                         002A0-002EF              50
                         00320-0032F              10
        SFR0             00000-0001F              20           1
        SFR1             00080-0009F              20           1
        SFR10            00500-0056F              70           1
        SFR11            00580-005EF              70           1
        SFR12            00600-0066F              70           1
        SFR13            00680-006EF              70           1
        SFR14            00700-0076F              70           1
        SFR15            00780-007EF              70           1
        SFR16            00800-0086F              70           1
        SFR17            00880-008EF              70           1
        SFR18            00900-0096F              70           1
        SFR19            00980-009EF              70           1
        SFR2             00100-0011F              20           1
        SFR20            00A00-00A6F              70           1
        SFR21            00A80-00AEF              70           1
        SFR22            00B00-00B6F              70           1
        SFR23            00B80-00BEF              70           1
        SFR24            00C00-00C6F              70           1
        SFR25            00C80-00CEF              70           1
        SFR26            00D00-00D6F              70           1
        SFR27            00D80-00DEF              70           1
        SFR28            00E00-00E6F              70           1
        SFR29            00E80-00EEF              70           1
        SFR3             00180-0019F              20           1
        SFR30            00F00-00F6F              70           1
        SFR31            00F80-00FEF              70           1
        SFR4             00200-0021F              20           1
        SFR5             00280-0029F              20           1
        SFR6             00300-0031F              20           1
        SFR7             00380-003EF              70           1
        SFR8             00400-0046F              70           1
        SFR9             00480-004EF              70           1
        STACK            02190-021EF              60           1
        STRCODE          0186D-01C61             3F5           2
        STRING           0186D-01C61             100           2

                                  Symbol Table

?_ADC_GetConversion                                                 cstackBANK0  00020
?_PerformanceLogger_GetCurrentAddress                               cstackBANK0  00020
?_TimerCounter_GetTimeout                                           cstackBANK0  00023
?_UI_GetPeriodCount                                                 cstackBANK0  00023
?__Umul8_16                                                         cstackBANK0  00020
?___fladd                                                           cstackBANK0  00020
?___fldiv                                                           cstackBANK0  00047
?___flmul                                                           cstackBANK0  0002E
?___fltol                                                           cstackBANK0  00060
?___lldiv                                                           cstackBANK0  00020
?___xxtofl                                                          cstackBANK0  00020
?_printf                                                            cstackBANK0  00038
?_vfpfcnvrt                                                         cstackBANK0  0002A
?_vfprintf                                                          cstackBANK0  00031
ADC_GetConversion@channel                                           cstackBANK0  00023
Auto_Button@ticks                                                   cstackBANK0  00020
Battery_CheckVoltageBounds@boostVoltageAdc                          cstackBANK1  000CE
Battery_CheckVoltageBounds@errorCode                                cstackBANK1  000D0
Battery_CheckVoltageBounds@initBoostDemand                          cstackBANK1  000D1
Battery_CheckVoltageBounds@referenceVoltageAdc                      cstackBANK1  000D2
Battery_CheckVoltageBounds@vBoostAdc                                cstackBANK1  000CA
Battery_CheckVoltageWithNoLoad@referenceVoltageAdc                  cstackBANK0  00036
DAC_SetOutput@inputData                                             cstackBANK0  00020
DCCalculateAll@dutyCycle                                            cstackBANK0  00028
DCCalculateAll@history                                              cstackBANK0  00024
DCCalculateAll@i                                                    cstackBANK0  00029
DeviceStatus_SetButtonPressFromLeak@isPressed                       cstackBANK0  00020
DeviceStatus_SetCheckStatusAlert@EnableCheck                        cstackBANK0  00020
DeviceStatus_SetDeepSleepModeStatus@Enable                          cstackBANK0  00020
DeviceStatus_SetLedsOnStatus@LedsPowerOnStatus                      cstackBANK0  00020
DeviceStatus_SetPressureSensorIsReading@isReading                   cstackBANK0  00020
DeviceStatus_SetPumpIsRunning@isRunning                             cstackBANK0  00020
DeviceStatus_StateAndOnEntrySet@StateOnEntry                        cstackBANK0  00021
DeviceStatus_StateAndOnEntrySet@state                               cstackBANK0  00020
EUSART_Write@txData                                                 cstackBANK0  00020
Fault@aCurrentStateOnEntry                                          cstackBANK1  000D6
Fault@nextState                                                     cstackBANK1  000D7
GetVacuum@pDiff                                                     cstackBANK0  00062
GetVacuum@pExternal                                                 cstackBANK0  00061
GetVacuum@pInternal                                                 cstackBANK0  00064
GetVacuum@result                                                    cstackBANK0  00065
GetVacuum@retry_count                                               cstackBANK0  00063
I2C_ISR@i2c_10bit_address_restart                                   bssBANK1     000AB
I2C_ISR@i2c_address                                                 bssCOMMON    0007C
I2C_ISR@i2c_bytes_left                                              bssBANK1     000AC
I2C_ISR@pi2c_buf_ptr                                                bssBANK1     000AD
I2C_MasterRead@trBlock                                              bssBANK3     001CD
I2C_MasterReadTRBBuild@address                                      cstackBANK0  00024
I2C_MasterReadTRBBuild@length                                       cstackBANK0  00023
I2C_MasterReadTRBBuild@pdata                                        cstackBANK0  00022
I2C_MasterReadTRBBuild@ptrb                                         cstackBANK0  00020
I2C_MasterTRBInsert@count                                           cstackBANK0  00023
I2C_MasterTRBInsert@pflag                                           cstackBANK0  00022
I2C_MasterTRBInsert@ptrb_list                                       cstackBANK0  00020
I2C_MasterWrite@trBlock                                             bssBANK2     00168
I2C_MasterWriteTRBBuild@address                                     cstackBANK0  00024
I2C_MasterWriteTRBBuild@length                                      cstackBANK0  00023
I2C_MasterWriteTRBBuild@pdata                                       cstackBANK0  00022
I2C_MasterWriteTRBBuild@ptrb                                        cstackBANK0  00020
I2C_Stop@completion_code                                            cstackCOMMON 00070
I2E_Write@address                                                   cstackBANK0  0002E
I2E_Write@busAddr                                                   cstackBANK0  0004E
I2E_Write@data                                                      cstackBANK0  00032
I2E_Write@i                                                         cstackBANK0  00058
I2E_Write@i2cData                                                   cstackBANK0  0003C
I2E_Write@numBytes                                                  cstackBANK0  00033
I2E_Write@retVal                                                    cstackBANK0  00057
I2E_Write@transactionRequestBlock                                   cstackBANK0  0004F
IOCAF4_SetInterruptHandler@InterruptHandler                         cstackBANK0  00020
IOCAF5_SetInterruptHandler@InterruptHandler                         cstackBANK0  00020
Idle@executeEntry                                                   cstackBANK1  000D6
Idle@newState                                                       cstackBANK1  000D7
Idle_OnEntry@aCurrentStateOnEntry                                   cstackBANK0  00029
LED_SetGreen@on                                                     cstackBANK0  00020
LED_SetOrange@on                                                    cstackBANK0  00020
LoggingManager_Run@errorCode                                        cstackBANK0  0006A
MP_SetBoostDemand@demand                                            cstackBANK0  00020
MP_SetInitBoostDemand@demand                                        cstackBANK0  00020
MP_SetReferenceVoltageBoost@demand                                  cstackBANK0  00023
MP_WaitForInterrupInLowPowerIfPossible@deepSleep                    cstackBANK0  0002F
NonRecoverableError@executeEntry                                    cstackBANK1  000D6
NonRecoverableError@newState                                        cstackBANK1  000D7
NonRecoverableError_OnEntry@aCurrentStateOnEntry                    cstackBANK0  00026
PL101                                                               text21       01647
PL103                                                               text24       00FE6
PL105                                                               text21       0125D
PL107                                                               text51       00530
PL109                                                               text24       00FEB
PL11                                                                text24       00F94
PL111                                                               text24       0084E
PL113                                                               text40       01E8D
PL115                                                               text24       00FF0
PL117                                                               text4        01FFB
PL119                                                               text21       017BE
PL121                                                               text21       017C3
PL123                                                               text40       01E92
PL125                                                               text21       0164D
PL13                                                                text4        01FE8
PL15                                                                text21       01783
PL17                                                                text21       0178E
PL19                                                                text21       0179E
PL21                                                                text4        01FF4
PL23                                                                text21       01247
PL25                                                                text21       017AB
PL27                                                                text24       00F9C
PL29                                                                text128      01F16
PL31                                                                text24       00FA3
PL33                                                                text128      01F22
PL35                                                                text128      01F2D
PL37                                                                text64       003AA
PL39                                                                text24       00FAF
PL41                                                                text21       0161A
PL43                                                                text64       003B1
PL45                                                                text64       003BA
PL47                                                                text21       01623
PL49                                                                text21       0162C
PL51                                                                text24       00FB5
PL53                                                                text24       00848
PL55                                                                text24       00FBD
PL57                                                                text64       003C3
PL59                                                                text21       01255
PL61                                                                text51       00521
PL63                                                                text24       00FC3
PL65                                                                text24       00FC9
PL67                                                                text64       003CB
PL69                                                                text21       01635
PL71                                                                text64       003D1
PL73                                                                text24       00FCF
PL75                                                                text64       003D8
PL77                                                                text51       00529
PL79                                                                text189      0076E
PL81                                                                text189      00775
PL83                                                                text24       00FD6
PL85                                                                text24       00FDB
PL87                                                                text64       003DF
PL89                                                                text21       0163C
PL91                                                                text64       003E5
PL93                                                                text24       00FE1
PL95                                                                text21       017B8
PL97                                                                text21       01641
PL99                                                                text189      0077C
PM_CalcDiffPressure@PresExt                                         cstackBANK0  00020
PM_CalcDiffPressure@PresInt                                         cstackBANK0  00022
PM_CalcDiffPressure@pDiff                                           cstackBANK0  00024
PM_CalcDiffPressure@result                                          cstackBANK0  00027
PM_Delay@count                                                      cstackBANK0  00028
PM_Delay@delay                                                      cstackBANK0  00020
PM_GetPressure@DataBuffer                                           cstackBANK0  0004D
PM_GetPressure@Sensor                                               cstackBANK0  00056
PM_GetPressure@device                                               cstackBANK0  00054
PM_GetPressure@pDataBuffer                                          cstackBANK0  00053
PM_GetPressure@pPressure                                            cstackBANK0  00045
PM_GetPressure@pTemperature                                         cstackBANK0  00046
PM_GetPressure@result                                               cstackBANK0  00055
PM_GetT1Flag@isTimeUp                                               cstackBANK0  00020
PM_InitSensors@DataBuffer                                           cstackBANK0  0004B
PM_InitSensors@TimeOut                                              cstackBANK0  00045
PM_InitSensors@bootup_OK_1                                          cstackBANK0  00049
PM_InitSensors@bootup_OK_2                                          cstackBANK0  0004A
PM_InitSensors@pDataBuffer                                          cstackBANK0  0004F
PM_InitSensors@result                                               cstackBANK0  0004E
PM_ReadPressureSensors@DataAddress                                  cstackBANK0  00029
PM_ReadPressureSensors@DataBuffer                                   cstackBANK0  0002A
PM_ReadPressureSensors@DataLength                                   cstackBANK0  00028
PM_ReadPressureSensors@Device                                       cstackBANK0  00036
PM_ReadPressureSensors@GetDataTRB                                   cstackBANK0  0003C
PM_ReadPressureSensors@result                                       cstackBANK0  00037
PM_ReadPressureSensors@status                                       cstackBANK0  00044
PM_ReadPressureSensors@timeOut1                                     cstackBANK0  00038
PM_ReadPressureSensors@timeOut2                                     cstackBANK0  00032
PM_ReadPressureSensors@writeBuffer                                  cstackBANK0  0002F
PM_StartSensors@DataBuffer                                          cstackBANK0  0003D
PM_StartSensors@pDataBuffer                                         cstackBANK0  00041
PM_StartSensors@result                                              cstackBANK0  00042
PM_WritePressureSensors@DataBuffer                                  cstackBANK0  00029
PM_WritePressureSensors@DataLength                                  cstackBANK0  00028
PM_WritePressureSensors@Device                                      cstackBANK0  00032
PM_WritePressureSensors@GetDataTRB                                  cstackBANK0  00038
PM_WritePressureSensors@result                                      cstackBANK0  00033
PM_WritePressureSensors@status                                      cstackBANK0  0003C
PM_WritePressureSensors@timeOut1                                    cstackBANK0  00034
PM_WritePressureSensors@timeOut2                                    cstackBANK0  0002E
POST_Run@aCurrentStateOnEntry                                       cstackBANK1  000D6
POST_Run@aNewState                                                  cstackBANK1  000D7
PerformanceLogger_Persist@result                                    cstackBANK0  00069
PerformanceLogger_Persist@writeData                                 cstackBANK0  00059
PerformanceLogger_SetBatteryVoltage@voltageMilliVolts               cstackBANK0  00020
PerformanceLogger_SetDifferentialPressure@pressureMilliBar          cstackBANK0  00020
PerformanceLogger_SetExternalPressure@pressureMilliBar              cstackBANK0  00020
PerformanceLogger_SetPumpDownDuration@duration100Ms                 cstackBANK0  00020
PerformanceLogger_SetPumpHistory@pumpHistory                        cstackBANK0  00020
PerformanceLogger_SetStatus@deviceStatus                            cstackBANK0  00020
PerformanceLogger_SetTemperature@temperatureRawSensorValue          cstackBANK0  00020
PerformanceLogger_SetVddForTemperatureMeasurement@voltageMilliVolts cstackBANK0  00020
PumpActivate@Activate                                               cstackBANK1  000D4
PumpActivate@result                                                 cstackBANK1  000D5
PumpDown@aCurrentStateOnEntry                                       cstackBANK1  000D6
PumpDown@aNewState                                                  cstackBANK1  000D7
PumpDown@currentVacuum                                              cstackBANK1  000DB
PumpDown@duration100Ms                                              cstackBANK1  000D8
PumpDown@externalPressure                                           cstackBANK1  000E1
PumpDown@internalPressure                                           cstackBANK1  000D9
PumpDown@outstandingTime                                            cstackBANK1  000DD
PumpDown@result                                                     cstackBANK1  000E4
PumpDown@tmpNextState                                               cstackBANK1  000E3
PumpDown_OnEntry@aCurrentStateOnEntry                               cstackBANK0  00029
PumpFrequencyTracker_Optimise@errorCode                             cstackBANK0  00024
PumpFrequencyTracker_Optimise@latestCurrentAdc                      cstackBANK0  00025
PumpFrequencyTracker_Optimise@ncoFrequency                          cstackBANK0  00027
PushButton_HasDepressedForDuration@EventRaised                      cstackBANK0  00021
PushButton_HasDepressedForDuration@depressedDurationTick            cstackBANK0  00020
PushButton_IsPressed@isButtonPressed                                cstackBANK0  00020
SetInitialExternalPressure@PressureValue                            cstackBANK0  00020
Shutdown@aCurrentStateOnEntry                                       cstackBANK1  000D6
Shutdown@aNewState                                                  cstackBANK1  000D7
Shutdown_OnEntry@aCurrentStateOnEntry                               cstackBANK0  0002A
StartLEDSequence@seq                                                cstackBANK0  0002F
StateMachine_Run@newState                                           cstackBANK1  000E8
TMR1_WriteTimer@timerVal                                            cstackCOMMON 00070
TherapyDelivery@aCurrentStateOnEntry                                cstackBANK1  000D6
TherapyDelivery@aNewState                                           cstackBANK1  000D7
TherapyDelivery@currentVacuum                                       cstackBANK1  000DC
TherapyDelivery@externalPressure                                    cstackBANK1  000DA
TherapyDelivery@internalPressure                                    cstackBANK1  000D8
TherapyDelivery@result                                              cstackBANK1  000DF
TherapyDelivery@tmpNextState                                        cstackBANK1  000DE
TherapyDeliveryTargetVacuumUpdate@dutyCycle                         cstackBANK0  00020
TherapyDelivery_OnEntry@aCurrentStateOnEntry                        cstackBANK0  00029
TherapyStateDeepSleepAllowed@result                                 cstackBANK0  0002D
TimerCounter_Disable@counterName                                    cstackBANK0  00023
TimerCounter_GetTimeout@countRemaining                              cstackBANK0  00028
TimerCounter_GetTimeout@counterName                                 cstackBANK0  0002C
TimerCounter_Start@counterName                                      cstackBANK0  00028
TimerCounter_Start@counterValue                                     cstackBANK0  00023
TimerCounter_Status@countRemaining                                  cstackBANK0  00023
TimerCounter_Status@counterName                                     cstackBANK0  00027
TimerCounter_Status@status                                          cstackBANK0  00028
TimerCounters_Init@i                                                cstackBANK0  00024
TimerCounters_Update@i                                              cstackCOMMON 00077
TryToGetSingleVacuumMeasurement@ExtPressure                         cstackBANK0  0005E
TryToGetSingleVacuumMeasurement@IntPressure                         cstackBANK0  0005A
TryToGetSingleVacuumMeasurement@Temperature                         cstackBANK0  0005C
TryToGetSingleVacuumMeasurement@pDiff                               cstackBANK0  00058
TryToGetSingleVacuumMeasurement@pExternal                           cstackBANK0  00057
TryToGetSingleVacuumMeasurement@pInternal                           cstackBANK0  00059
TryToGetSingleVacuumMeasurement@result                              cstackBANK0  00060
UI_GetPeriodCount@Colour                                            cstackBANK0  00028
UI_SetLED@Colour                                                    cstackBANK0  0002B
UI_SetLED@FlashTOff                                                 cstackBANK0  00027
UI_SetLED@FlashTOn                                                  cstackBANK0  00023
UI_UpdateLEDs@i                                                     cstackBANK0  0002C
UI_UpdateLEDs@isPowerRequired                                       cstackBANK0  0002B
UI_UpdatedSingleLED@LedOnOffSetup                                   cstackBANK0  0002A
UI_UpdatedSingleLED@enableLed                                       cstackBANK0  00029
_ADCON0                                                             (abs)        0009D
_ADCON0bits                                                         (abs)        0009D
_ADCON1                                                             (abs)        0009E
_ADCON2                                                             (abs)        0009F
_ADC_GetConversion                                                  text21       013CF
_ADC_Initialize                                                     text21       011C5
_ADRESH                                                             (abs)        0009C
_ADRESL                                                             (abs)        0009B
_ANSELA                                                             (abs)        0018C
_ANSELB                                                             (abs)        0018D
_ANSELC                                                             (abs)        0018E
_APFCON                                                             (abs)        0011D
_AlertActivate                                                      text128      01E97
_AlertManager_Init                                                  text24       00B6D
_AlertManager_Run                                                   text24       00E4B
_AlertSetupDisable                                                  text174      01CAE
_Application_Init                                                   text24       00B60
_Application_Run                                                    text24       00DA1
_Auto_Button                                                        text9        01C82
_BAUDCON                                                            (abs)        0019F
_BORCON                                                             (abs)        00116
_Battery_CheckVoltageBounds                                         text21       012F7
_Battery_CheckVoltageWithNoLoad                                     text21       01086
_CM1CON0                                                            (abs)        00111
_CM2CON0                                                            (abs)        00113
_DACCON0                                                            (abs)        00118
_DACCON1                                                            (abs)        00119
_DAC_Initialize                                                     text21       011CD
_DAC_SetOutput                                                      text80       01C6C
_DCCalculateAll                                                     text32       01DBE
_DCHistoryReset                                                     text24       0083F
_DCLeakGet                                                          text21       01024
_DCPumpOffUpdate                                                    text24       00FF8
_DCPumpOnUpdate                                                     text24       00F92
_DCVaccumOffsetUpdateGet                                            text25       01D8C
_DeviceState                                                        dataBANK1    000EC
_DeviceStatus_GetButtonPressFromLeak                                text24       0083C
_DeviceStatus_GetCheckStatusAlert                                   text21       01134
_DeviceStatus_GetLedsOnStatus                                       text29       01C66
_DeviceStatus_GetState                                              text21       01083
_DeviceStatus_Init                                                  text24       00B6F
_DeviceStatus_IsReadingPressureSensor                               text21       010A7
_DeviceStatus_IsRunningPump                                         text21       010A9
_DeviceStatus_SetButtonPressFromLeak                                text24       00EF6
_DeviceStatus_SetCheckStatusAlert                                   text21       01187
_DeviceStatus_SetDeepSleepModeStatus                                text24       00F7D
_DeviceStatus_SetLedsOnStatus                                       text128      01E9A
_DeviceStatus_SetPressureSensorIsReading                            text24       00A93
_DeviceStatus_SetPumpIsRunning                                      text24       00EFF
_DeviceStatus_StateAndOnEntrySet                                    text24       00B91
_DeviceStatus_isGoingInDeepSleep                                    text24       00E60
_DutyCycleHistory                                                   bssBANK2     0013B
_EUSART_Initialize                                                  text21       0122B
_EUSART_Write                                                       text4        01FE1
_ExternalPressureForNRVBlockage                                     bssBANK2     0014F
_FVRCON                                                             (abs)        00117
_FVR_Initialize                                                     text21       01236
_Fault                                                              text24       00853
_FirstExternalPressureRead                                          bssBANK1     000B4
_GetVacuum                                                          text24       00AC5
_HardwareInterface_DisableGlobalInterrupt                           text24       00D4F
_HardwareInterface_EnableGlobalInterrupt                            text24       00B8F
_HardwareInterface_EnablePeripheralInterrupt                        text24       00E7D
_HardwareInterface_SystemInitialise                                 text24       00B7B
_I2C_BusCollisionISR                                                text192      00002
_I2C_FunctionComplete                                               text189      00764
_I2C_ISR                                                            text189      00670
_I2C_Initialize                                                     text21       011B2
_I2C_MasterReadTRBBuild                                             text64       0031F
_I2C_MasterTRBInsert                                                text64       002C1
_I2C_MasterWriteTRBBuild                                            text64       00200
_I2C_Stop                                                           text189      00752
_I2C_WaitForLastPacketToComplete                                    text108      00000
_I2E_Init                                                           text21       0119E
_I2E_Write                                                          text64       00192
_INTCONbits                                                         (abs)        0000B
_INTERRUPT_InterruptManager                                         intentry     00004
_IOCAF4_DefaultInterruptHandler                                     text188      01C62
_IOCAF4_ISR                                                         text184      01D23
_IOCAF4_InterruptHandler                                            bssBANK2     00149
_IOCAF4_SetInterruptHandler                                         text21       01212
_IOCAF5_DefaultInterruptHandler                                     text186      007FF
_IOCAF5_ISR                                                         text184      01D30
_IOCAF5_InterruptHandler                                            bssBANK2     00147
_IOCAF5_SetInterruptHandler                                         text21       0123A
_IOCAFbits                                                          (abs)        00393
_IOCANbits                                                          (abs)        00392
_IOCAPbits                                                          (abs)        00391
_Idle                                                               text24       008D9
_Idle_Init                                                          text24       00B96
_Idle_OnEntry                                                       text24       008B6
_InitPumpDownVacuum                                                 text24       00F0A
_InitTherapyDeliveryVacuum                                          text24       0081C
_InitialPumpDownTimeRecorded                                        bssBANK1     000B6
_LATA                                                               (abs)        0010C
_LATB                                                               (abs)        0010D
_LATC                                                               (abs)        0010E
_LATC2                                                              (abs)        00872
_LATC3                                                              (abs)        00873
_LATC4                                                              (abs)        00874
_LATCbits                                                           (abs)        0010E
_LED_SetGreen                                                       text131      01C93
_LED_SetOrange                                                      text132      01C8A
_LeakDutyCycle                                                      bssBANK1     000BD
_Leds                                                               dataBANK3    001A0
_LoggingManager_Init                                                text21       01192
_LoggingManager_Run                                                 text21       01042
_MP_DeepSleep                                                       text21       01190
_MP_DisableExternalPeripheralsSupply                                text24       00A98
_MP_DisableMainCircuitPower                                         text24       00AC0
_MP_DisablePeripheral                                               text24       00F58
_MP_DisablePumpPWM                                                  text24       00EEF
_MP_EnableExternalPeripheralsSupply                                 text24       00EDB
_MP_EnableFvr                                                       text21       010A4
_MP_EnableMainCircuitPower                                          text24       00F0D
_MP_EnablePumpPWM                                                   text24       00F8B
_MP_GetBoostDemand                                                  text24       00FF5
_MP_GetInitBoostDemand                                              text21       01612
_MP_SetBoostDemand                                                  text21       017FC
_MP_SetInitBoostDemand                                              text21       01615
_MP_SetReferenceVoltageBoost                                        text24       00EDE
_MP_SetReferenceVoltageBoost$1660                                   cstackBANK0  00021
_MP_WaitForInterrupInLowPowerIfPossible                             text24       00E4C
_Miscellaneous                                                      bssCOMMON    0007B
_NCO1ACCH                                                           (abs)        00499
_NCO1ACCL                                                           (abs)        00498
_NCO1ACCU                                                           (abs)        0049A
_NCO1CLK                                                            (abs)        0049F
_NCO1CON                                                            (abs)        0049E
_NCO1CONbits                                                        (abs)        0049E
_NCO1INCH                                                           (abs)        0049C
_NCO1INCL                                                           (abs)        0049B
_NCO1_Initialize                                                    text21       011D2
_NonRecoverableError                                                text15       01CE4
_NonRecoverableError_OnEntry                                        text15       01CEC
_OPTION_REGbits                                                     (abs)        00095
_OSCCON                                                             (abs)        00099
_OSCILLATOR_Initialize                                              text21       011DE
_PIE1bits                                                           (abs)        00091
_PIE2bits                                                           (abs)        00092
_PIN_MANAGER_IOC                                                    text184      01D1B
_PIN_MANAGER_Initialize                                             text21       011E4
_PIR1bits                                                           (abs)        00011
_PIR2bits                                                           (abs)        00012
_PM_CalcDiffPressure                                                text57       00626
_PM_Delay                                                           text24       00E7F
_PM_GetPressure                                                     text57       005A2
_PM_GetT1Flag                                                       text24       00E6F
_PM_InitSensors                                                     text64       00059
_PM_ReadPressureSensors                                             text64       000C4
_PM_StartSensors                                                    text64       0002F
_PM_WritePressureSensors                                            text64       00340
_PORTAbits                                                          (abs)        0000C
_POST_Init                                                          text145      01C63
_POST_Run                                                           text14       01CFF
_PR2                                                                (abs)        0001B
_PerformanceLogger_GetCurrentAddress                                text21       010AB
_PerformanceLogger_Init                                             text21       01195
_PerformanceLogger_Persist                                          text64       00149
_PerformanceLogger_SetBatteryVoltage                                text21       017EC
_PerformanceLogger_SetDifferentialPressure                          text57       00668
_PerformanceLogger_SetExternalPressure                              text57       00658
_PerformanceLogger_SetPumpDownDuration                              text24       00F86
_PerformanceLogger_SetPumpHistory                                   text32       01E02
_PerformanceLogger_SetStatus                                        text21       010BB
_PerformanceLogger_SetTemperature                                   text57       00660
_PerformanceLogger_SetVddForTemperatureMeasurement                  text21       017F4
_PerformanceLogger_SkipToNextTimeline                               text21       010C0
_Peripherals_Init                                                   text24       00B76
_PumpActivate                                                       text24       00EAF
_PumpDown                                                           text24       00902
_PumpDown_Init                                                      text24       00B97
_PumpDown_OnEntry                                                   text24       00820
_PumpFrequencyTracker_Optimise                                      text40       01E12
_PumpOn                                                             bssBANK1     000B3
_PushButton_GetDepressedTickCount                                   text27       01C69
_PushButton_HasDepressedForDuration                                 text24       00F41
_PushButton_IsLongPress                                             text24       00F06
_PushButton_IsPressed                                               text24       00A9B
_PushButton_IsShortPress                                            text24       00F3D
_PushButton_ResetEvent                                              text24       00F04
_RCSTA                                                              (abs)        0019D
_SPBRGH                                                             (abs)        0019C
_SPBRGL                                                             (abs)        0019B
_SSP1ADD                                                            (abs)        00212
_SSP1BUF                                                            (abs)        00211
_SSP1CON1                                                           (abs)        00215
_SSP1CON1bits                                                       (abs)        00215
_SSP1CON2bits                                                       (abs)        00216
_SSP1CON3                                                           (abs)        00217
_SSP1STAT                                                           (abs)        00214
_SYSTEM_Initialize                                                  text21       0119F
_SetInitialExternalPressure                                         text24       00F57
_Shutdown                                                           text24       0087A
_Shutdown_OnEntry                                                   text34       007E9
_StartLEDSequence                                                   text21       01129
_StateMachine                                                       stringtext1  01829
_StateMachine_Enter_NRE                                             text21       010C3
_StateMachine_Init                                                  text24       00B7D
_StateMachine_Run                                                   text21       010C7
_T1CON                                                              (abs)        00018
_T1CONbits                                                          (abs)        00018
_T1GCON                                                             (abs)        00019
_T2CON                                                              (abs)        0001C
_T2CONbits                                                          (abs)        0001C
_TMR1H                                                              (abs)        00017
_TMR1L                                                              (abs)        00016
_TMR1_CallBack                                                      text179      0078B
_TMR1_ISR                                                           text179      00782
_TMR1_Initialize                                                    text21       0121A
_TMR1_Initialize_Before_Sleep                                       text24       00E63
_TMR1_StartTimer                                                    text21       01242
_TMR1_WriteTimer                                                    text179      0078F
_TMR2                                                               (abs)        0001A
_TMR2_Initialize                                                    text21       01224
_TMR2_StartTimer                                                    text21       01245
_TRISA                                                              (abs)        0008C
_TRISB                                                              (abs)        0008D
_TRISC                                                              (abs)        0008E
_TXREG                                                              (abs)        0019A
_TXSTA                                                              (abs)        0019E
_TargetPressureAchieved                                             bssBANK1     000B8
_TargetPressureTimeAllowed                                          bssBANK1     000B7
_TargetPumpDownVaccumDebounceCount                                  bssBANK1     000BE
_TargetTherapyDeliveryVacuumOffset                                  bssBANK1     000A7
_TargetVaccumOffsetDutyCycle                                        bssBANK1     000BC
_TherapyDelivery                                                    text24       009D6
_TherapyDeliveryTargetVacuumUpdate                                  text25       01D63
_TherapyDelivery_Init                                               text24       00815
_TherapyDelivery_OnEntry                                            text24       00800
_TherapyStateDeepSleepAllowed                                       text21       01026
_TimerCounter_Disable                                               text24       00B9E
_TimerCounter_GetTimeout                                            text24       00F12
_TimerCounter_Start                                                 text24       00D51
_TimerCounter_Status                                                text24       00D73
_TimerCounters_Init                                                 text24       00BAA
_TimerCounters_Update                                               text179      0079E
_TryToGetSingleVacuumMeasurement                                    text57       00535
_UI_GetPeriodCount                                                  text24       00D27
_UI_SetLED                                                          text24       00CF0
_UI_UpdateLEDs                                                      text128      01EA2
_UI_UpdatedSingleLED                                                text128      01EC0
_WDTCONbits                                                         (abs)        00097
_WPUA                                                               (abs)        0020C
_WPUB                                                               (abs)        0020D
_Watchdog_Clear                                                     text24       00FFE
_Watchdog_Init                                                      text136      01C70
__CFG_BOREN$ON                                                      (abs)        00000
__CFG_BORV$LO                                                       (abs)        00000
__CFG_CLKOUTEN$OFF                                                  (abs)        00000
__CFG_CP$OFF                                                        (abs)        00000
__CFG_FCMEN$ON                                                      (abs)        00000
__CFG_FOSC$INTOSC                                                   (abs)        00000
__CFG_IESO$ON                                                       (abs)        00000
__CFG_LPBOR$OFF                                                     (abs)        00000
__CFG_LVP$ON                                                        (abs)        00000
__CFG_MCLRE$ON                                                      (abs)        00000
__CFG_PWRTE$OFF                                                     (abs)        00000
__CFG_STVREN$ON                                                     (abs)        00000
__CFG_WDTE$NSLEEP                                                   (abs)        00000
__CFG_WRT$OFF                                                       (abs)        00000
__Habs1                                                             abs1         00000
__Hbank0                                                            bank0        00000
__Hbank1                                                            bank1        00000
__Hbank10                                                           bank10       00000
__Hbank11                                                           bank11       00000
__Hbank12                                                           bank12       00000
__Hbank13                                                           bank13       00000
__Hbank14                                                           bank14       00000
__Hbank15                                                           bank15       00000
__Hbank16                                                           bank16       00000
__Hbank17                                                           bank17       00000
__Hbank18                                                           bank18       00000
__Hbank19                                                           bank19       00000
__Hbank2                                                            bank2        00000
__Hbank20                                                           bank20       00000
__Hbank21                                                           bank21       00000
__Hbank22                                                           bank22       00000
__Hbank23                                                           bank23       00000
__Hbank24                                                           bank24       00000
__Hbank25                                                           bank25       00000
__Hbank26                                                           bank26       00000
__Hbank27                                                           bank27       00000
__Hbank28                                                           bank28       00000
__Hbank29                                                           bank29       00000
__Hbank3                                                            bank3        00000
__Hbank30                                                           bank30       00000
__Hbank31                                                           bank31       00000
__Hbank4                                                            bank4        00000
__Hbank5                                                            bank5        00000
__Hbank6                                                            bank6        00000
__Hbank7                                                            bank7        00000
__Hbank8                                                            bank8        00000
__Hbank9                                                            bank9        00000
__Hbigram                                                           bigram       00000
__HbssBANK1                                                         bssBANK1     00000
__HbssBANK2                                                         bssBANK2     00000
__HbssBANK3                                                         bssBANK3     00000
__HbssBANK4                                                         bssBANK4     00000
__HbssCOMMON                                                        bssCOMMON    00000
__Hcinit                                                            cinit        00000
__Hclrtext                                                          clrtext      00000
__Hcode                                                             code         00000
__Hcommon                                                           common       00000
__Hconfig                                                           config       08009
__HcstackBANK0                                                      cstackBANK0  00000
__HcstackBANK1                                                      cstackBANK1  00000
__HcstackCOMMON                                                     cstackCOMMON 00000
__HdataBANK1                                                        dataBANK1    00000
__HdataBANK3                                                        dataBANK3    00000
__HdataBANK4                                                        dataBANK4    00000
__Heeprom_data                                                      eeprom_data  00000
__Hend_init                                                         end_init     0002F
__Hfunctab                                                          functab      00000
__HidataBANK1                                                       idataBANK1   00000
__HidataBANK3                                                       idataBANK3   00000
__HidataBANK4                                                       idataBANK4   00000
__Hidloc                                                            idloc        00000
__Hinit                                                             init         0002D
__Hinittext                                                         inittext     00000
__Hintentry                                                         intentry     0002D
__Hmaintext                                                         maintext     00000
__Hpa_nodes0                                                        pa_nodes0    00000
__Hpowerup                                                          powerup      00000
__Hram                                                              ram          00000
__Hreset_vec                                                        reset_vec    00002
__Hsfr0                                                             sfr0         00000
__Hsfr1                                                             sfr1         00000
__Hsfr10                                                            sfr10        00000
__Hsfr11                                                            sfr11        00000
__Hsfr12                                                            sfr12        00000
__Hsfr13                                                            sfr13        00000
__Hsfr14                                                            sfr14        00000
__Hsfr15                                                            sfr15        00000
__Hsfr16                                                            sfr16        00000
__Hsfr17                                                            sfr17        00000
__Hsfr18                                                            sfr18        00000
__Hsfr19                                                            sfr19        00000
__Hsfr2                                                             sfr2         00000
__Hsfr20                                                            sfr20        00000
__Hsfr21                                                            sfr21        00000
__Hsfr22                                                            sfr22        00000
__Hsfr23                                                            sfr23        00000
__Hsfr24                                                            sfr24        00000
__Hsfr25                                                            sfr25        00000
__Hsfr26                                                            sfr26        00000
__Hsfr27                                                            sfr27        00000
__Hsfr28                                                            sfr28        00000
__Hsfr29                                                            sfr29        00000
__Hsfr3                                                             sfr3         00000
__Hsfr30                                                            sfr30        00000
__Hsfr31                                                            sfr31        00000
__Hsfr4                                                             sfr4         00000
__Hsfr5                                                             sfr5         00000
__Hsfr6                                                             sfr6         00000
__Hsfr7                                                             sfr7         00000
__Hsfr8                                                             sfr8         00000
__Hsfr9                                                             sfr9         00000
__Hspace_0                                                          (abs)        08009
__Hspace_1                                                          (abs)        00270
__Hspace_2                                                          (abs)        00000
__Hspace_3                                                          (abs)        00000
__Hstack                                                            stack        00000
__Hstrings                                                          strings      00000
__Hstringtext1                                                      stringtext1  00000
__Hstringtext2                                                      stringtext2  00000
__Hstringtext3                                                      stringtext3  00000
__Hstringtext4                                                      stringtext4  00000
__Hstringtext5                                                      stringtext5  00000
__Hstringtext6                                                      stringtext6  00000
__Hstringtext7                                                      stringtext7  00000
__Hstringtext8                                                      stringtext8  00000
__Htext                                                             text         00000
__Labs1                                                             abs1         00000
__Lbank0                                                            bank0        00000
__Lbank1                                                            bank1        00000
__Lbank10                                                           bank10       00000
__Lbank11                                                           bank11       00000
__Lbank12                                                           bank12       00000
__Lbank13                                                           bank13       00000
__Lbank14                                                           bank14       00000
__Lbank15                                                           bank15       00000
__Lbank16                                                           bank16       00000
__Lbank17                                                           bank17       00000
__Lbank18                                                           bank18       00000
__Lbank19                                                           bank19       00000
__Lbank2                                                            bank2        00000
__Lbank20                                                           bank20       00000
__Lbank21                                                           bank21       00000
__Lbank22                                                           bank22       00000
__Lbank23                                                           bank23       00000
__Lbank24                                                           bank24       00000
[...]
		None
 Tracked objects:
		On entry : 
		On exit  : 
		Unchanged: 
 Data sizes:     COMMON   BANK0   BANK1   BANK2   BANK3   BANK4   BANK5   BANK6
      Params:         0       0       0       0       0       0       0       0
      Locals:         0       0       0       0       0       0       0       0
      Temps:          0       0       0       0       0       0       0       0
      Totals:         0       0       0       0       0       0       0       0
Total ram usage:        0 bytes
 Hardware stack levels used:    1
 This function calls:
		Nothing
 This function is called by:
		_INTERRUPT_InterruptManager
 This function uses a non-reentrant model



MODULE INFORMATION

Module		Function		Class		Link	Load	Size
C:\Program Files (x86)\Microchip\xc8\v2.00\pic\sources\c99\common\printf.c
		_printf        		CODE           	0E40	0000	12

C:\Program Files (x86)\Microchip\xc8\v2.00\pic\sources\c99\common\printf.c estimated size: 12

devices/DeviceStatus.c
		_DeviceStatus_SetButtonPressFromLeak		CODE           	0EF6	0000	10
		_DeviceStatus_IsReadingPressureSensor		CODE           	10A7	0000	3
		_DeviceStatus_Init		CODE           	0B6F	0000	8
		_DeviceStatus_StateAndOnEntrySet		CODE           	0B91	0000	6
		_DeviceStatus_SetPumpIsRunning		CODE           	0EFF	0000	6
		_DeviceStatus_SetDeepSleepModeStatus		CODE           	0F7D	0000	10
		_DeviceStatus_isGoingInDeepSleep		CODE           	0E60	0000	4
		_DeviceStatus_IsRunningPump		CODE           	10A9	0000	3
		_DeviceStatus_SetPressureSensorIsReading		CODE           	0A93	0000	6
		_DeviceStatus_GetCheckStatusAlert		CODE           	1134	0000	4
		_DeviceStatus_GetLedsOnStatus		CODE           	1C66	0000	4
		_DeviceStatus_SetCheckStatusAlert		CODE           	1187	0000	10
		_DeviceStatus_SetLedsOnStatus		CODE           	1E9A	0000	9
		_DeviceStatus_GetState		CODE           	1083	0000	4
		_DeviceStatus_GetButtonPressFromLeak		CODE           	083C	0000	4

devices/DeviceStatus.c estimated size: 91

managers/AlertManager.c
		_StartLEDSequence		CODE           	1129	0000	12
		_flash_LED     		CODE           	0BCF	0000	290
		_AlertSetupDisable		CODE           	1CAE	0000	28
		_AlertManager_Run		CODE           	0E4B	0000	2
		_AlertManager_Init		CODE           	0B6D	0000	3
		_AlertActivate 		CODE           	1E97	0000	4
		_checkLEDSequenceCompleted		CODE           	1137	0000	14

managers/AlertManager.c estimated size: 353

managers/LoggingManager.c
		_LoggingManager_Init		CODE           	1192	0000	4
		_LoggingManager_Run		CODE           	1042	0000	66

managers/LoggingManager.c estimated size: 70

devices/Pressure_Part3.c
		_PM_InitSensors		CODE           	0059	0000	108
		_PM_StartSensors		CODE           	002F	0000	43
		_PM_GetPressure		CODE           	05A2	0000	82
		_PM_CalcDiffPressure		CODE           	0626	0000	51
		_isPressureSensorReady		CODE           	05F3	0000	52

devices/Pressure_Part3.c estimated size: 336

C:\Program Files (x86)\Microchip\xc8\v2.00\pic\sources\c99\common\sprcmul.c
		___flmul       		CODE           	1652	0000	283

C:\Program Files (x86)\Microchip\xc8\v2.00\pic\sources\c99\common\sprcmul.c estimated size: 283

application/Application.c
		_Application_Init		CODE           	0B60	0000	14
		_Application_Run		CODE           	0DA1	0000	33
		_Peripherals_Init		CODE           	0B76	0000	6
		_auto_test_harness_event		CODE           	0DC1	0000	128

application/Application.c estimated size: 181

mcc_generated_files/fvr.c
		_FVR_Initialize		CODE           	1236	0000	5

mcc_generated_files/fvr.c estimated size: 5

devices/PerformanceLogger.c
		_PerformanceLogger_SetStatus		CODE           	10BB	0000	6
		_PerformanceLogger_SetTemperature		CODE           	0660	0000	9
		_PerformanceLogger_SetVddForTemperatureMeasurement		CODE           	17F4	0000	9
		_PerformanceLogger_GetCurrentAddress		CODE           	10AB	0000	17
		_PerformanceLogger_SetPumpDownDuration		CODE           	0F86	0000	6
		_PerformanceLogger_SkipToNextTimeline		CODE           	10C0	0000	4
		_PerformanceLogger_SetDifferentialPressure		CODE           	0668	0000	9
		_toBytes       		CODE           	024B	0000	8
		_PerformanceLogger_SetBatteryVoltage		CODE           	17EC	0000	9
		_PerformanceLogger_SetPumpHistory		CODE           	1E02	0000	17
		_PerformanceLogger_SetExternalPressure		CODE           	0658	0000	9
		_PerformanceLogger_Persist		CODE           	0149	0000	74
		_PerformanceLogger_Init		CODE           	1195	0000	10

devices/PerformanceLogger.c estimated size: 187

devices/HardwareInterface.c
		_HardwareInterface_DisableGlobalInterrupt		CODE           	0D4F	0000	3
		_HardwareInterface_EnablePeripheralInterrupt		CODE           	0E7D	0000	3
		_HardwareInterface_SystemInitialise		CODE           	0B7B	0000	3
		_HardwareInterface_EnableGlobalInterrupt		CODE           	0B8F	0000	3

devices/HardwareInterface.c estimated size: 12

C:\Program Files (x86)\Microchip\xc8\v2.00\pic\sources\c99\common\__lldiv.c
		___lldiv       		CODE           	15D3	0000	64

C:\Program Files (x86)\Microchip\xc8\v2.00\pic\sources\c99\common\__lldiv.c estimated size: 64

managers/StateMachineShutdown.c
		_Shutdown      		CODE           	087A	0000	32
		_Shutdown_OnEntry		CODE           	07E9	0000	23

managers/StateMachineShutdown.c estimated size: 55

devices/Pressure_Part1.c
		_SetInitialExternalPressure		CODE           	0F57	0000	2
		_isTargetPumpDownVacuumAchieved		CODE           	1CC9	0000	28
		_isTargetTherapyDeliveryVacuumAchieved		CODE           	1C9C	0000	19
		_InitPumpDownVacuum		CODE           	0F0A	0000	4
		_GetVacuum     		CODE           	0AC5	0000	75
		_isTherapyDeliveryLeakDetected		CODE           	100E	0000	23
		_InitTherapyDeliveryVacuum		CODE           	081C	0000	5
		_TherapyDeliveryTargetVacuumUpdate		CODE           	1D63	0000	42

devices/Pressure_Part1.c estimated size: 198

C:\Program Files (x86)\Microchip\xc8\v2.00\pic\sources\c99\common\sprcdiv.c
		___fldiv       		CODE           	1458	0000	255

C:\Program Files (x86)\Microchip\xc8\v2.00\pic\sources\c99\common\sprcdiv.c estimated size: 255

devices/Timer.c
		_TimerCounter_Disable		CODE           	0B9E	0000	13
		_TimerCounters_Init		CODE           	0BAA	0000	38
		_TimerCounter_Status		CODE           	0D73	0000	47
		_TimerCounter_Start		CODE           	0D51	0000	35
		_TimerCounter_GetTimeout		CODE           	0F12	0000	44
		_TimerCounters_Update		CODE           	079E	0000	64
		_TMR1_CallBack 		CODE           	078B	0000	5
		_PM_Delay      		CODE           	0E7F	0000	49
		_PM_GetT1Flag  		CODE           	0E6F	0000	15

devices/Timer.c estimated size: 310

managers/StateMachineNre.c
		_NonRecoverableError		CODE           	1CE4	0000	9
		_NonRecoverableError_OnEntry		CODE           	1CEC	0000	20

managers/StateMachineNre.c estimated size: 29

mcc_generated_files/tmr2.c
		_TMR2_Initialize		CODE           	1224	0000	8
		_TMR2_StartTimer		CODE           	1245	0000	3

mcc_generated_files/tmr2.c estimated size: 11

mcc_generated_files/interrupt_manager.c
		_INTERRUPT_InterruptManager		CODE           	0004	0000	42

mcc_generated_files/interrupt_manager.c estimated size: 42

C:\Program Files (x86)\Microchip\xc8\v2.00\pic\sources\c99\common\Umul8_16.c
		__Umul8_16     		CODE           	176C	0000	24

C:\Program Files (x86)\Microchip\xc8\v2.00\pic\sources\c99\common\Umul8_16.c estimated size: 24

C:\Program Files (x86)\Microchip\xc8\v2.00\pic\sources\c99\common\xxtofl.c
		___xxtofl      		CODE           	13EF	0000	106

C:\Program Files (x86)\Microchip\xc8\v2.00\pic\sources\c99\common\xxtofl.c estimated size: 106

mcc_generated_files/i2c.c
		_I2C_FunctionComplete		CODE           	0764	0000	11
		_I2C_MasterTRBInsert		CODE           	02C1	0000	67
		_I2C_ISR       		CODE           	0670	0000	227
		_I2C_Stop      		CODE           	0752	0000	19
		_I2C_MasterReadTRBBuild		CODE           	031F	0000	34
		_I2C_WaitForLastPacketToComplete		CODE           	0000	0000	1
		_I2C_Initialize		CODE           	11B2	0000	20
		_I2C_MasterWriteTRBBuild		CODE           	0200	0000	27
		_I2C_BusCollisionISR		CODE           	0002	0000	3

mcc_generated_files/i2c.c estimated size: 409

devices/LED.c
		_LED_SetGreen  		CODE           	1C93	0000	10
		_LED_SetOrange 		CODE           	1C8A	0000	10

devices/LED.c estimated size: 20

mcc_generated_files/pin_manager.c
		_IOCAF5_SetInterruptHandler		CODE           	123A	0000	9
		_PIN_MANAGER_Initialize		CODE           	11E4	0000	47
		_IOCAF4_DefaultInterruptHandler		CODE           	1C62	0000	2
		_IOCAF4_ISR    		CODE           	1D23	0000	14
		_IOCAF5_DefaultInterruptHandler		CODE           	07FF	0000	2
		_IOCAF5_ISR    		CODE           	1D30	0000	14
		_PIN_MANAGER_IOC		CODE           	1D1B	0000	9
		_IOCAF4_SetInterruptHandler		CODE           	1212	0000	9

mcc_generated_files/pin_manager.c estimated size: 106

devices/Watchdog.c
		_Watchdog_Init 		CODE           	1C70	0000	7
		_Watchdog_Clear		CODE           	0FFE	0000	3

devices/Watchdog.c estimated size: 10

devices/DutyCycle.c
		_DCLeakGet     		CODE           	1024	0000	3
		_DCVaccumOffsetUpdateGet		CODE           	1D8C	0000	3
		_DCPumpOnUpdate		CODE           	0F92	0000	3
		_DCHistoryReset		CODE           	083F	0000	10
		_DCCalculateAll		CODE           	1DBE	0000	69
		_DCPumpOffUpdate		CODE           	0FF8	0000	7

devices/DutyCycle.c estimated size: 95

mcc_generated_files/nco1.c
		_NCO1_Initialize		CODE           	11D2	0000	13

mcc_generated_files/nco1.c estimated size: 13

C:\Program Files (x86)\Microchip\xc8\v2.00\pic\sources\c99\common\nf_fputc.c
		_fputc         		CODE           	1FAC	0000	51

C:\Program Files (x86)\Microchip\xc8\v2.00\pic\sources\c99\common\nf_fputc.c estimated size: 51

devices/Battery.c
		_adjustBoostDemand		CODE           	1263	0000	149
		_Battery_CheckVoltageBounds		CODE           	12F7	0000	217
		_logBatteryVoltage		CODE           	159D	0000	55
		_Battery_CheckVoltageWithNoLoad		CODE           	1086	0000	31
		_isBoostVoltageOutOfRange		CODE           	17C8	0000	37

devices/Battery.c estimated size: 489

C:\Program Files (x86)\Microchip\xc8\v2.00\pic\sources\c99\common\memset.c
		_memset        		CODE           	0252	0000	86

C:\Program Files (x86)\Microchip\xc8\v2.00\pic\sources\c99\common\memset.c estimated size: 86

mcc_generated_files/adc.c
		_ADC_Initialize		CODE           	11C5	0000	9
		_ADC_GetConversion		CODE           	13CF	0000	33

mcc_generated_files/adc.c estimated size: 42

managers/StateMachinePOST_internal.c
		_iPOST_setSubStateNum		CODE           	1C65	0000	2
		_iPOST_doPOST  		CODE           	1D1A	0000	2

managers/StateMachinePOST_internal.c estimated size: 4

devices/PumpFrequencyTracker.c
		_PumpFrequencyTracker_Optimise		CODE           	1E12	0000	124

devices/PumpFrequencyTracker.c estimated size: 124

devices/UIInterfaces.c
		_UI_SetLED     		CODE           	0CF0	0000	56
		_UI_UpdateLEDs 		CODE           	1EA2	0000	31
		_UI_GetPeriodCount		CODE           	0D27	0000	29
		_UI_UpdatedSingleLED		CODE           	1EC0	0000	87

devices/UIInterfaces.c estimated size: 203

managers/StateMachineFault.c
		_Fault         		CODE           	0853	0000	40
		_executeEntryIfNewState		CODE           	0899	0000	30

managers/StateMachineFault.c estimated size: 70

C:\Program Files (x86)\Microchip\xc8\v2.00\pic\sources\c99\common\sprcadd.c
		___fladd       		CODE           	03EB	0000	311

C:\Program Files (x86)\Microchip\xc8\v2.00\pic\sources\c99\common\sprcadd.c estimated size: 311

C:\Program Files (x86)\Microchip\xc8\v2.00\pic\sources\c99\common\doprnt.c
		_vfpfcnvrt     		CODE           	1F60	0000	77
		_vfprintf      		CODE           	1F38	0000	41

C:\Program Files (x86)\Microchip\xc8\v2.00\pic\sources\c99\common\doprnt.c estimated size: 118

managers/StateMachinePOST.c
		_POST_Run      		CODE           	1CFF	0000	28
		_POST_Init     		CODE           	1C63	0000	3

managers/StateMachinePOST.c estimated size: 31

devices/Pressure_Part4.c
		_PM_ReadPressureSensors		CODE           	00C4	0000	134
		_PM_WritePressureSensors		CODE           	0340	0000	107

devices/Pressure_Part4.c estimated size: 241

devices/Pressure_Part2.c
		_TryToGetSingleVacuumMeasurement		CODE           	0535	0000	110

devices/Pressure_Part2.c estimated size: 110

shared
		logBatteryVoltage@adcAtVdd		STRCODE        	0000	0000	0
		PL31           		CODE           	0FA3	0000	13
		PL41           		CODE           	161A	0000	10
		PL13           		CODE           	1FE8	0000	13
		PL51           		CODE           	0FB5	0000	9
		PL23           		CODE           	1247	0000	15
		PL61           		CODE           	0521	0000	9
		PL33           		CODE           	1F22	0000	12
		PL71           		CODE           	03D1	0000	8
		PL43           		CODE           	03B1	0000	10
		PL81           		CODE           	0775	0000	8
		PL101          		CODE           	1647	0000	7
		PL15           		CODE           	1783	0000	12
		PL53           		CODE           	0848	0000	7
		PL91           		CODE           	03E5	0000	7
		PL25           		CODE           	17AB	0000	14
		PL63           		CODE           	0FC3	0000	7
		PL111          		CODE           	084E	0000	6
		PL35           		CODE           	1F2D	0000	12
		PL73           		CODE           	0FCF	0000	8
		PL45           		CODE           	03BA	0000	10
		PL83           		CODE           	0FD6	0000	6
		PL121          		CODE           	17C3	0000	6
		PL17           		CODE           	178E	0000	17
		PL55           		CODE           	0FBD	0000	7
		PL93           		CODE           	0FE1	0000	6
		PL27           		CODE           	0F9C	0000	8
		PL65           		CODE           	0FC9	0000	7
		_StateMachine  		STRCODE        	1829	0000	15
		PL37           		CODE           	03AA	0000	8
		PL75           		CODE           	03D8	0000	8
		PL47           		CODE           	1623	0000	10
		PL85           		CODE           	0FDB	0000	7
		PL103          		CODE           	0FE6	0000	6
		PL19           		CODE           	179E	0000	14
		PL57           		CODE           	03C3	0000	9
		PL95           		CODE           	17B8	0000	7
		PL29           		CODE           	1F16	0000	13
		PL67           		CODE           	03CB	0000	7
		PL113          		CODE           	1E8D	0000	6
		PL39           		CODE           	0FAF	0000	7
		PL77           		CODE           	0529	0000	8
		PL49           		CODE           	162C	0000	10
		PL87           		CODE           	03DF	0000	7
		PL123          		CODE           	1E92	0000	6
		PL59           		CODE           	1255	0000	9
		PL97           		CODE           	1641	0000	7
		PL69           		CODE           	1635	0000	8
		PL79           		CODE           	076E	0000	8
		PL89           		CODE           	163C	0000	6
		PL105          		CODE           	125D	0000	7
		PL99           		CODE           	077C	0000	7
		__initialization		CODE           	0B0F	0000	74
		PL115          		CODE           	0FF0	0000	6
		PL125          		CODE           	164D	0000	6
		PL107          		CODE           	0530	0000	6
		PL117          		CODE           	1FFB	0000	6
		i1___bmul      		CODE           	07DD	0000	13
		PL109          		CODE           	0FEB	0000	6
		PL119          		CODE           	17BE	0000	6
		PL11           		CODE           	0F94	0000	9
		PL21           		CODE           	1FF4	0000	8

shared estimated size: 594

C:\Program Files (x86)\Microchip\xc8\v2.00\pic\sources\c99\common\fltol.c
		___fltol       		CODE           	1556	0000	72

C:\Program Files (x86)\Microchip\xc8\v2.00\pic\sources\c99\common\fltol.c estimated size: 72

devices/Pump.c
		_PumpActivate  		CODE           	0EAF	0000	45

devices/Pump.c estimated size: 45

managers/StateMachinePumpDown.c
		_PumpDown      		CODE           	0902	0000	213
		_PumpDown_Init 		CODE           	0B97	0000	8
		_PumpDown_OnEntry		CODE           	0820	0000	29

managers/StateMachinePumpDown.c estimated size: 250

mcc_generated_files/mcc.c
		_OSCILLATOR_Initialize		CODE           	11DE	0000	7
		_SYSTEM_Initialize		CODE           	119F	0000	20

mcc_generated_files/mcc.c estimated size: 27

managers/StateMachine.c
		_updateState   		CODE           	1144	0000	68
		_StateMachine_Run		CODE           	10C7	0000	99
		_StateMachine_Enter_NRE		CODE           	10C3	0000	5
		_StateMachine_Init		CODE           	0B7D	0000	19

managers/StateMachine.c estimated size: 191

C:\Program Files (x86)\Microchip\xc8\v2.00\pic\sources\c99\common\Umul8.c
		___bmul        		CODE           	0D43	0000	13

C:\Program Files (x86)\Microchip\xc8\v2.00\pic\sources\c99\common\Umul8.c estimated size: 13

mcc_generated_files/tmr1.c
		_TMR1_Initialize		CODE           	121A	0000	11
		_TMR1_Initialize_Before_Sleep		CODE           	0E63	0000	13
		_TMR1_WriteTimer		CODE           	078F	0000	16
		_TMR1_StartTimer		CODE           	1242	0000	4
		_TMR1_ISR      		CODE           	0782	0000	10

mcc_generated_files/tmr1.c estimated size: 54

managers/StateMachineTherapyDelivery.c
		_TherapyStateDeepSleepAllowed		CODE           	1026	0000	29
		_TherapyDelivery		CODE           	09D6	0000	190
		_TherapyDelivery_Init		CODE           	0815	0000	8
		_TherapyDelivery_OnEntry		CODE           	0800	0000	22

managers/StateMachineTherapyDelivery.c estimated size: 249

C:\Program Files (x86)\Microchip\xc8\v2.00\pic\sources\c99\common\memcpy.c
		_memcpy        		CODE           	0303	0000	29

C:\Program Files (x86)\Microchip\xc8\v2.00\pic\sources\c99\common\memcpy.c estimated size: 29

devices/I2CEEPROM.c
		_isAccessWithinPageBoundary		CODE           	021A	0000	50
		_transmitI2CData		CODE           	02A7	0000	27
		_I2E_Write     		CODE           	0192	0000	111
		_I2E_Init      		CODE           	119E	0000	2

devices/I2CEEPROM.c estimated size: 190

mcc_generated_files/eusart.c
		_putch         		CODE           	1FDE	0000	4
		_EUSART_Write  		CODE           	1FE1	0000	8
		_EUSART_Initialize		CODE           	122B	0000	12

mcc_generated_files/eusart.c estimated size: 24

devices/PushButton.c
		_PushButton_GetDepressedTickCount		CODE           	1C69	0000	4
		_Auto_Button   		CODE           	1C82	0000	9
		_PushButton_IsPressed		CODE           	0A9B	0000	38
		_PushButton_IsLongPress		CODE           	0F06	0000	5
		_PushButton_HasDepressedForDuration		CODE           	0F41	0000	23
		_PushButton_IsShortPress		CODE           	0F3D	0000	5
		_PushButton_ResetEvent		CODE           	0F04	0000	3

devices/PushButton.c estimated size: 87

managers/StateMachineIdle.c
		_Idle          		CODE           	08D9	0000	42
		_Idle_Init     		CODE           	0B96	0000	2
		_Idle_OnEntry  		CODE           	08B6	0000	36

managers/StateMachineIdle.c estimated size: 80

mcc_generated_files/dac.c
		_DAC_Initialize		CODE           	11CD	0000	6
		_DAC_SetOutput 		CODE           	1C6C	0000	5

mcc_generated_files/dac.c estimated size: 11

main.c
		_main          		CODE           	0B5B	0000	6

main.c estimated size: 6

devices/PowerControl.c
		_MP_DisablePeripheral		CODE           	0F58	0000	38
		_MP_DisableMainCircuitPower		CODE           	0AC0	0000	6
		_MP_EnablePumpPWM		CODE           	0F8B	0000	8
		_MP_DisableExternalPeripheralsSupply		CODE           	0A98	0000	4
		_MP_SetReferenceVoltageBoost		CODE           	0EDE	0000	18
		_MP_EnableMainCircuitPower		CODE           	0F0D	0000	6
		_MP_EnableFvr  		CODE           	10A4	0000	4
		_MP_WaitForInterrupInLowPowerIfPossible		CODE           	0E4C	0000	21
		_MP_GetInitBoostDemand		CODE           	1612	0000	4
		_MP_SetInitBoostDemand		CODE           	1615	0000	6
		_MP_EnableExternalPeripheralsSupply		CODE           	0EDB	0000	4
		_MP_GetBoostDemand		CODE           	0FF5	0000	4
		_MP_DisablePumpPWM		CODE           	0EEF	0000	8
		_MP_SetBoostDemand		CODE           	17FC	0000	5
		_MP_DeepSleep  		CODE           	1190	0000	3

devices/PowerControl.c estimated size: 139

