Microchip Technology Inc, v1.60 (B)

Tool Name:
  c:\program files\microchip\xc16\v1.60\bin\bin\..\bin/elf-ld.exe

Command:
  -p24FJ64GA702 \
  --mdfp=C:/Program Files/Microchip/MPLABX/v5.45/packs/Microchip/PIC24F-GA-GB_DFP/1.4.141/xc16 \
  -o \
  dist/default/production/Environment-Firmware.X.production.elf \
  -Lc:/program files/microchip/xc16/v1.60/bin/bin/.. \
  -LC:/Program Files/Microchip/MPLABX/v5.45/packs/Microchip/PIC24F-GA-GB_DFP/1.4.141/xc16/bin/../support/PIC24F/gld \
  -Lc:/program files/microchip/xc16/v1.60/bin/bin/../../lib \
  -Lc:/program files/microchip/xc16/v1.60/bin/bin/../../support/PIC24E/gld \
  -Lc:/program files/microchip/xc16/v1.60/bin/bin/../../support/PIC24F/gld \
  -Lc:/program files/microchip/xc16/v1.60/bin/bin/../../support/PIC24H/gld \
  -Lc:/program files/microchip/xc16/v1.60/bin/bin/../../support/dsPIC30F/gld \
  -Lc:/program files/microchip/xc16/v1.60/bin/bin/../../support/dsPIC33C/gld \
  -Lc:/program files/microchip/xc16/v1.60/bin/bin/../../support/dsPIC33E/gld \
  -Lc:/program files/microchip/xc16/v1.60/bin/bin/../../support/dsPIC33F/gld \
  build/default/production/mcc_generated_files/clock.o \
  build/default/production/mcc_generated_files/traps.o \
  build/default/production/mcc_generated_files/pin_manager.o \
  build/default/production/mcc_generated_files/system.o \
  build/default/production/mcc_generated_files/mcc.o \
  build/default/production/mcc_generated_files/adc1.o \
  build/default/production/mcc_generated_files/interrupt_manager.o \
  build/default/production/mcc_generated_files/uart2.o \
  build/default/production/mcc_generated_files/uart1.o \
  build/default/production/mcc_generated_files/tmr1.o \
  build/default/production/main.o \
  build/default/production/debug.o \
  build/default/production/drv_rtc.o \
  build/default/production/dar_comms.o \
  build/default/production/i2c_bit_bang.o \
  build/default/production/power_switch_interrupt.o \
  build/default/production/drv_STTS75.o \
  build/default/production/drv_LIS2DS12.o \
  build/default/production/battery_capacity.o \
  build/default/production/message_exchange.o \
  build/default/production/app.o \
  build/default/production/debug_leds.o \
  build/default/production/temperature_monitor.o \
  build/default/production/drv_i2c1.o \
  --local-stack \
  --defsym=__MPLAB_BUILD=1 \
  -Tp24FJ64GA702.gld.00 \
  --heap=512 \
  --stack=16 \
  --check-sections \
  --data-init \
  --pack-data \
  --handles \
  --isr \
  --no-gc-sections \
  --fill-upper=0 \
  --stackguard=16 \
  --no-force-link \
  --smart-io \
  -Map=dist/default/production/Environment-Firmware.X.production.map \
  --report-mem \
  --memorysummary \
  dist/default/production/memoryfile.xml \
  -start-group \
  --library=lega-pic30-elf \
  --library=m-elf \
  --library=lega-c-elf \
  -end-group \


Optional library libpPIC24Fxxx.a not found
Archive member included because of file (symbol)

c:/program files/microchip/xc16/v1.60/bin/bin/../../lib\liblega-pic30-elf.a(crt0_extended24.o)
                              (__resetPRI)
c:/program files/microchip/xc16/v1.60/bin/bin/../../lib\liblega-pic30-elf.a(data_init_24.o)
                              c:/program files/microchip/xc16/v1.60/bin/bin/../../lib\liblega-pic30-elf.a(crt0_extended24.o) (__data_init_da)
c:/program files/microchip/xc16/v1.60/bin/bin/../../lib\liblega-pic30-elf.a(crt_start_mode_normalda.Leo)
                              (__crt_start_mode_normal)
c:/program files/microchip/xc16/v1.60/bin/bin/../../lib\libm-elf.a(addsf3.daeo)
                              build/default/production/battery_capacity.o (___subsf3)
c:/program files/microchip/xc16/v1.60/bin/bin/../../lib\libm-elf.a(divsf3.daeo)
                              build/default/production/battery_capacity.o (___divsf3)
c:/program files/microchip/xc16/v1.60/bin/bin/../../lib\libm-elf.a(feqltle.daeo)
                              build/default/production/battery_capacity.o (___lesf2)
c:/program files/microchip/xc16/v1.60/bin/bin/../../lib\libm-elf.a(fgtge.daeo)
                              build/default/production/battery_capacity.o (___gtsf2)
c:/program files/microchip/xc16/v1.60/bin/bin/../../lib\libm-elf.a(fixsfsi.daeo)
                              build/default/production/drv_STTS75.o (_(float, int, long long, short, float, short, int))
c:/program files/microchip/xc16/v1.60/bin/bin/../../lib\libm-elf.a(floatsisf.daeo)
                              build/default/production/drv_STTS75.o (___floatsisf)
c:/program files/microchip/xc16/v1.60/bin/bin/../../lib\libm-elf.a(floatunsisf.daeo)
                              build/default/production/battery_capacity.o (___floatunsisf)
c:/program files/microchip/xc16/v1.60/bin/bin/../../lib\libm-elf.a(fpack.daeo)
                              c:/program files/microchip/xc16/v1.60/bin/bin/../../lib\libm-elf.a(addsf3.daeo) (__fpack)
[...]
Memory Configuration

Name             Origin             Length             Attributes
data             0x000800           0x004000           a !xr
reset            0x000000           0x000004  
ivt              0x000004           0x0000fc  
program          0x000100           0x00ae00           xr
FSEC             0x00af00           0x000002  
FBSLIM           0x00af10           0x000002  
FSIGN            0x00af14           0x000002  
FOSCSEL          0x00af18           0x000002  
FOSC             0x00af1c           0x000002  
FWDT             0x00af20           0x000002  
FPOR             0x00af24           0x000002  
FICD             0x00af28           0x000002  
FDEVOPT1         0x00af2c           0x000002  
*default*        0x000000           0xffffffff  

Linker script and memory map

LOAD build/default/production/mcc_generated_files/clock.o
LOAD build/default/production/mcc_generated_files/traps.o
LOAD build/default/production/mcc_generated_files/pin_manager.o
LOAD build/default/production/mcc_generated_files/system.o
LOAD build/default/production/mcc_generated_files/mcc.o
LOAD build/default/production/mcc_generated_files/adc1.o
LOAD build/default/production/mcc_generated_files/interrupt_manager.o
LOAD build/default/production/mcc_generated_files/uart2.o
LOAD build/default/production/mcc_generated_files/uart1.o
LOAD build/default/production/mcc_generated_files/tmr1.o
LOAD build/default/production/main.o
LOAD build/default/production/debug.o
LOAD build/default/production/drv_rtc.o
LOAD build/default/production/dar_comms.o
LOAD build/default/production/i2c_bit_bang.o
LOAD build/default/production/power_switch_interrupt.o
LOAD build/default/production/drv_STTS75.o
LOAD build/default/production/drv_LIS2DS12.o
LOAD build/default/production/battery_capacity.o
LOAD build/default/production/message_exchange.o
LOAD build/default/production/app.o
LOAD build/default/production/debug_leds.o
LOAD build/default/production/temperature_monitor.o
LOAD build/default/production/drv_i2c1.o
                    0x0001                  __MPLAB_BUILD = 0x1
LOAD pPIC24Fxxx
LOAD c:/program files/microchip/xc16/v1.60/bin/bin/../../lib\libfx-elf.a
                    0xaf00                  __FSEC = 0xaf00
                    0xaf10                  __FBSLIM = 0xaf10
                    0xaf14                  __FSIGN = 0xaf14
                    0xaf18                  __FOSCSEL = 0xaf18
                    0xaf1c                  __FOSC = 0xaf1c
                    0xaf20                  __FWDT = 0xaf20
                    0xaf24                  __FPOR = 0xaf24
                    0xaf28                  __FICD = 0xaf28
                    0xaf2c                  __FDEVOPT1 = 0xaf2c
                    0x0001                  __NO_HANDLES = 0x1
                    0x0100                  __CODE_BASE = 0x100
                    0xae00                  __CODE_LENGTH = 0xae00
                    0x0004                  __IVT_BASE = 0x4
                    0x0800                  __DATA_BASE = 0x800
                    0x4000                  __DATA_LENGTH = 0x4000

.reset            0x000000          0x4
                  0x000000          0x2 SHORT 0x100 ABSOLUTE (__reset)
                  0x000001          0x2 SHORT 0x4
                  0x000002          0x2 SHORT 0x0 ((ABSOLUTE (__reset) >> 0x10) & 0x7f)
                  0x000003          0x2 SHORT 0x0

.text             0x000100       0x2936
 *(.init)
 .init            0x000100         0x4c c:/program files/microchip/xc16/v1.60/bin/bin/../../lib\liblega-pic30-elf.a(crt0_extended24.o)
                  0x000100                  __resetPRI
                  0x000100                  __reset
                  0x00013c                  __psv_init
 .init            0x00014c         0xb8 c:/program files/microchip/xc16/v1.60/bin/bin/../../lib\liblega-pic30-elf.a(data_init_24.o)
                  0x000152                  __data_init
                  0x000152                  __data_init_da
 *(.user_init)
 *(.handle)
 *(.isr*)
 .isr.text        0x000244         0x9e build/default/production/mcc_generated_files/traps.o
                  0x000244                  __OscillatorFail
                  0x000262                  __StackError
                  0x000288                  __AddressError
                  0x0002a6                  __MathError
                  0x0002c4                  __NVMError
 .isr.text        0x0002e2         0x68 build/default/production/mcc_generated_files/pin_manager.o
                  0x0002e2                  __IOCInterrupt
 .isr.text        0x00034a         0x4e build/default/production/mcc_generated_files/uart1.o
                  0x00034a                  __U1TXInterrupt
                  0x000364                  __U1RXInterrupt
                  0x00037e                  __U1ErrInterrupt
 .isr.text        0x000398         0x2e build/default/production/mcc_generated_files/tmr1.o
                  0x000398                  __T1Interrupt
 .isr             0x0003c6          0x4 default_isr
                  0x0003c6                  __DefaultInterrupt
 *(.libc)
 .libc            0x0003ca         0x12 c:/program files/microchip/xc16/v1.60/bin/bin/../../lib\liblega-pic30-elf.a(closeda.Leo)
                  0x0003ca                  _close
 .libc            0x0003dc         0x84 c:/program files/microchip/xc16/v1.60/bin/bin/../../lib\liblega-pic30-elf.a(writeda.Leo)
                  0x0003dc                  _write
 .libc            0x000460         0x12 c:/program files/microchip/xc16/v1.60/bin/bin/../../lib\liblega-pic30-elf.a(removeda.Leo)
                  0x000460                  _remove
 .libc            0x000472         0x28 c:/program files/microchip/xc16/v1.60/bin/bin/../../lib\liblega-pic30-elf.a(sbrkda.Leo)
                  0x000472                  _sbrk
 .libc            0x00049a         0x1a c:/program files/microchip/xc16/v1.60/bin/bin/../../lib\liblega-pic30-elf.a(brkda.Lelo)
                  0x00049a                  _brk
 *(.libm)
 *(.libdsp)
 *(.lib*)
 .libpic30_crt_start_mode
                  0x0004b4          0x2 c:/program files/microchip/xc16/v1.60/bin/bin/../../lib\liblega-pic30-elf.a(crt_start_mode_normalda.Leo)
                  0x0004b4                  __crt_start_mode
                  0x0004b4                  __crt_start_mode_normal
 .libm.subsf3     0x0004b6         0xbc c:/program files/microchip/xc16/v1.60/bin/bin/../../lib\libm-elf.a(addsf3.daeo)
                  0x0004b6                  ___subsf3
                  0x0004b8                  ___addsf3
 .libm.divfs3     0x000572         0x84 c:/program files/microchip/xc16/v1.60/bin/bin/../../lib\libm-elf.a(divsf3.daeo)
                  0x000572                  ___divsf3
 .libm.eqsf2      0x0005f6          0x4 c:/program files/microchip/xc16/v1.60/bin/bin/../../lib\libm-elf.a(feqltle.daeo)
                  0x0005f6                  ___eqsf2
                  0x0005f6                  ___ltsf2
                  0x0005f6                  ___lesf2
 .libm.gtsf2      0x0005fa          0x4 c:/program files/microchip/xc16/v1.60/bin/bin/../../lib\libm-elf.a(fgtge.daeo)
                  0x0005fa                  ___gesf2
                  0x0005fa                  ___gtsf2
 .libm.fixsfsi    0x0005fe         0x42 c:/program files/microchip/xc16/v1.60/bin/bin/../../lib\libm-elf.a(fixsfsi.daeo)
                  0x0005fe                  _(float, int, long long, short, float, short, int)
 .libm.floatsisf
                  0x000640          0x6 c:/program files/microchip/xc16/v1.60/bin/bin/../../lib\libm-elf.a(floatsisf.daeo)
                  0x000640                  ___floatsisf
 .libm.floatunsisf
                  0x000646          0x4 c:/program files/microchip/xc16/v1.60/bin/bin/../../lib\libm-elf.a(floatunsisf.daeo)
                  0x000646                  ___floatunsisf
 .libm.fpack      0x00064a         0x4c c:/program files/microchip/xc16/v1.60/bin/bin/../../lib\libm-elf.a(fpack.daeo)
                  0x00064a                  __fpack
 .libm.funpack    0x000696         0x2a c:/program files/microchip/xc16/v1.60/bin/bin/../../lib\libm-elf.a(funpack.daeo)
                  0x000696                  __funpack
 .libm.funpack2
                  0x0006c0         0x10 c:/program files/microchip/xc16/v1.60/bin/bin/../../lib\libm-elf.a(funpack2.daeo)
                  0x0006c0                  __funpack2
 .libm.fPropagateNaN
                  0x0006d0         0x12 c:/program files/microchip/xc16/v1.60/bin/bin/../../lib\libm-elf.a(futil.daeo)
                  0x0006d0                  __fPropagateNaN
 .libm.fbobExit
                  0x0006e2          0x8 c:/program files/microchip/xc16/v1.60/bin/bin/../../lib\libm-elf.a(futil.daeo)
                  0x0006e2                  __fbopExit
 .libm.fbopReturnNaN
                  0x0006ea          0x6 c:/program files/microchip/xc16/v1.60/bin/bin/../../lib\libm-elf.a(futil.daeo)
                  0x0006ea                  __fbopReturnNaN
 .libm.mulsf3     0x0006f0         0x68 c:/program files/microchip/xc16/v1.60/bin/bin/../../lib\libm-elf.a(mulsf3.daeo)
                  0x0006f0                  ___mulsf3
 .libm.udivsi3    0x000758         0x20 c:/program files/microchip/xc16/v1.60/bin/bin/../../lib\libm-elf.a(udivsi3.daeo)
                  0x000758                  ___udivsi3
 .libm.umodsi3    0x000778          0x6 c:/program files/microchip/xc16/v1.60/bin/bin/../../lib\libm-elf.a(umodsi3.daeo)
                  0x000778                  ___umodsi3
 .libm.fcompare
                  0x00077e         0x36 c:/program files/microchip/xc16/v1.60/bin/bin/../../lib\libm-elf.a(fcompare.daeo)
                  0x00077e                  __fcompare
 .libm.floatdisf
                  0x0007b4         0x20 c:/program files/microchip/xc16/v1.60/bin/bin/../../lib\libm-elf.a(floatdisf.daeo)
                  0x0007b4                  ___floatdisf
 .libm.floatundisf
                  0x0007d4         0x5e c:/program files/microchip/xc16/v1.60/bin/bin/../../lib\libm-elf.a(floatundisf.daeo)
                  0x0007d4                  ___floatundisf
 .libc.free       0x000832         0x64 c:/program files/microchip/xc16/v1.60/bin/bin/../../lib\liblega-c-elf.a(free.DA_eo)
                  0x000832                  _free
 .libc.findmem    0x000896         0x66 c:/program files/microchip/xc16/v1.60/bin/bin/../../lib\liblega-c-elf.a(malloc.DA_eo)
 .libc.malloc     0x0008fc         0x54 c:/program files/microchip/xc16/v1.60/bin/bin/../../lib\liblega-c-elf.a(malloc.DA_eo)
                  0x0008fc                  _malloc
 .libc.memcmp     0x000950         0x1c c:/program files/microchip/xc16/v1.60/bin/bin/../../lib\liblega-c-elf.a(memcmp.DA_eo)
                  0x000950                  _memcmp
 .libc.memcpy     0x00096c          0xe c:/program files/microchip/xc16/v1.60/bin/bin/../../lib\liblega-c-elf.a(memcpy.DA_eo)
                  0x00096c                  _memcpy
 .libc.strcmp     0x00097a         0x20 c:/program files/microchip/xc16/v1.60/bin/bin/../../lib\liblega-c-elf.a(strcmp.DA_eo)
                  0x00097a                  _strcmp
 .libc.strcpy     0x00099a          0xc c:/program files/microchip/xc16/v1.60/bin/bin/../../lib\liblega-c-elf.a(strcpy.DA_eo)
                  0x00099a                  _strcpy
 .libc.strlen     0x0009a6          0xc c:/program files/microchip/xc16/v1.60/bin/bin/../../lib\liblega-c-elf.a(strlen.DA_eo)
                  0x0009a6                  _strlen
 .libc.strncpy    0x0009b2         0x1e c:/program files/microchip/xc16/v1.60/bin/bin/../../lib\liblega-c-elf.a(strncpy.DA_eo)
                  0x0009b2                  _strncpy
 .libc._Getmem    0x0009d0         0x14 c:/program files/microchip/xc16/v1.60/bin/bin/../../lib\liblega-c-elf.a(xgetmem.DA_eo)
                  0x0009d0                  __Getmem
 .libc.prout      0x0009e4          0xe c:/program files/microchip/xc16/v1.60/bin/bin/../../lib\liblega-c-elf.a(vsprintf.DA_eo)
                  0x0009e4                  vsprintf.DA_eo:_prout
 .libc.vsprintf
                  0x0009f2         0x1a c:/program files/microchip/xc16/v1.60/bin/bin/../../lib\liblega-c-elf.a(vsprintf.DA_eo)
                  0x0009f2                  _vsprintf
 .libc.eprout     0x000a0c         0x1e c:/program files/microchip/xc16/v1.60/bin/bin/../../lib\liblega-c-elf.a(xprintf.DA_eo)
                  0x000a0c                  xprintf.DA_eo:_eprout
 .libc._ePrintf
                  0x000a2a        0x176 c:/program files/microchip/xc16/v1.60/bin/bin/../../lib\liblega-c-elf.a(xprintf.DA_eo)
                  0x000a2a                  __ePrintf
 .libc._Printf    0x000ba0          0xa c:/program files/microchip/xc16/v1.60/bin/bin/../../lib\liblega-c-elf.a(xprintf.DA_eo)
                  0x000ba0                  __Printf
 .libc._Putfld    0x000baa        0x316 c:/program files/microchip/xc16/v1.60/bin/bin/../../lib\liblega-c-elf.a(xputfld.DA_eo)
                  0x000baa                  __Putfld
 .libc.strchr     0x000ec0         0x1e c:/program files/microchip/xc16/v1.60/bin/bin/../../lib\liblega-c-elf.a(strchr.DA_elo)
                  0x000ec0                  _strchr
 .libc._Vacopy    0x000ede          0x4 c:/program files/microchip/xc16/v1.60/bin/bin/../../lib\liblega-c-elf.a(xvacopy.DA_elo)
                  0x000ede                  __Vacopy
 .libc.eprout     0x000ee2         0x1a c:/program files/microchip/xc16/v1.60/bin/bin/../../lib\liblega-c-elf.a(sprintf_cdnopuxX.DAeo)
                  0x000ee2                  sprintf_cdnopuxX.DAeo:_eprout
 .libc.prout      0x000efc          0xe c:/program files/microchip/xc16/v1.60/bin/bin/../../lib\liblega-c-elf.a(sprintf_cdnopuxX.DAeo)
                  0x000efc                  sprintf_cdnopuxX.DAeo:_prout
 .libc._sprintf_cdnopuxX
                  0x000f0a         0x20 c:/program files/microchip/xc16/v1.60/bin/bin/../../lib\liblega-c-elf.a(sprintf_cdnopuxX.DAeo)
                  0x000f0a                  __sprintf_cdnopuxX
 .libc.eprout     0x000f2a         0x1e c:/program files/microchip/xc16/v1.60/bin/bin/../../lib\liblega-c-elf.a(xprintf_cdnopuxX.DAeo)
                  0x000f2a                  xprintf_cdnopuxX.DAeo:_eprout
 .libc.__ePrintf_cdnopuxX
                  0x000f48        0x176 c:/program files/microchip/xc16/v1.60/bin/bin/../../lib\liblega-c-elf.a(xprintf_cdnopuxX.DAeo)
                  0x000f48                  ___ePrintf_cdnopuxX
 .libc.__Printf_cdnopuxX
                  0x0010be          0xa c:/program files/microchip/xc16/v1.60/bin/bin/../../lib\liblega-c-elf.a(xprintf_cdnopuxX.DAeo)
                  0x0010be                  ___Printf_cdnopuxX
 .libc.__Putfld_cdnopuxX
                  0x0010c8        0x224 c:/program files/microchip/xc16/v1.60/bin/bin/../../lib\liblega-c-elf.a(xputfld_cdnopuxX.DAeo)
                  0x0010c8                  ___Putfld_cdnopuxX
 .libc.memchr     0x0012ec         0x14 c:/program files/microchip/xc16/v1.60/bin/bin/../../lib\liblega-c-elf.a(memchr.DA_eo)
                  0x0012ec                  _memchr
 .libc._Ldtob     0x001300        0x3f2 c:/program files/microchip/xc16/v1.60/bin/bin/../../lib\liblega-c-elf.a(xldtob.DA_eo)
                  0x001300                  __Ldtob
 .libc._LDunscale
                  0x0016f2         0x54 c:/program files/microchip/xc16/v1.60/bin/bin/../../lib\liblega-c-elf.a(xldunsca.DA_eo)
                  0x0016f2                  __LDunscale
 .libc._Litob     0x001746        0x25e c:/program files/microchip/xc16/v1.60/bin/bin/../../lib\liblega-c-elf.a(xlitob.DA_eo)
                  0x001746                  __Litob
 .libc._Puttxt    0x0019a4        0x1b4 c:/program files/microchip/xc16/v1.60/bin/bin/../../lib\liblega-c-elf.a(xputtxt.DA_eo)
                  0x0019a4                  __Puttxt
 .libc.efwrite    0x001b58         0xd8 c:/program files/microchip/xc16/v1.60/bin/bin/../../lib\liblega-c-elf.a(efwrite.DA_eo)
                  0x001b58                  _efwrite
 .libc._DNKfflush
                  0x001c30         0x76 c:/program files/microchip/xc16/v1.60/bin/bin/../../lib\liblega-c-elf.a(fflush.DA_elo)
                  0x001c30                  __DNKfflush
 .libc.ldiv       0x001ca6         0x2a c:/program files/microchip/xc16/v1.60/bin/bin/../../lib\liblega-c-elf.a(ldiv.DA_elo)
                  0x001ca6                  _ldiv
 .libc._Dnorm     0x001cd0         0x98 c:/program files/microchip/xc16/v1.60/bin/bin/../../lib\liblega-c-elf.a(xdnorm.DA_elo)
                  0x001cd0                  __Dnorm
 .libc._LDscale
                  0x001d68         0xf6 c:/program files/microchip/xc16/v1.60/bin/bin/../../lib\liblega-c-elf.a(xldscale.DA_elo)
                  0x001d68                  __LDscale
 .libc._Fwprep    0x001e5e         0x8e c:/program files/microchip/xc16/v1.60/bin/bin/../../lib\liblega-c-elf.a(xfwprep.DA_eo)
                  0x001e5e                  __Fwprep
 .libc._Genld     0x001eec        0x264 c:/program files/microchip/xc16/v1.60/bin/bin/../../lib\liblega-c-elf.a(xgenld.DA_eo)
                  0x001eec                  __Genld
 .libc.div        0x002150         0x16 c:/program files/microchip/xc16/v1.60/bin/bin/../../lib\liblega-c-elf.a(div.DA_elo)
                  0x002150                  _div
 .libc.closeallreg
                  0x002166          0x4 c:/program files/microchip/xc16/v1.60/bin/bin/../../lib\liblega-c-elf.a(fclose.DA_elo)
 .libc._Closreg
                  0x00216a         0x12 c:/program files/microchip/xc16/v1.60/bin/bin/../../lib\liblega-c-elf.a(fclose.DA_elo)
                  0x00216a                  __Closreg
 .libc.fclose     0x00217c         0x90 c:/program files/microchip/xc16/v1.60/bin/bin/../../lib\liblega-c-elf.a(fclose.DA_elo)
                  0x00217c                  _fclose
 .libc.closeall
                  0x00220c         0x20 c:/program files/microchip/xc16/v1.60/bin/bin/../../lib\liblega-c-elf.a(fclose.DA_elo)
                  0x00220c                  fclose.DA_elo:_closeall
 .libc._Atexit    0x00222c         0x18 c:/program files/microchip/xc16/v1.60/bin/bin/../../lib\liblega-c-elf.a(xatexit.DA_elo)
                  0x00222c                  __Atexit
 .libc.doclose    0x002244          0x4 c:/program files/microchip/xc16/v1.60/bin/bin/../../lib\liblega-pic30-elf.a(closeda.Leo)
 .libc.dowrite    0x002248          0x4 c:/program files/microchip/xc16/v1.60/bin/bin/../../lib\liblega-pic30-elf.a(writeda.Leo)
 .libc.doremove
                  0x00224c          0x4 c:/program files/microchip/xc16/v1.60/bin/bin/../../lib\liblega-pic30-elf.a(removeda.Leo)
 .libc.memcpy_eds
                  0x002250         0x52 c:/program files/microchip/xc16/v1.60/bin/bin/../../lib\liblega-pic30-elf.a(memcpy_edsda.Leo)
                  0x002250                  __memcpy_eds_3
                  0x002250                  __memcpy_eds
 .libc._memchr_eds
                  0x0022a2         0x36 c:/program files/microchip/xc16/v1.60/bin/bin/../../lib\liblega-pic30-elf.a(memchr_edsda.Leo)
                  0x0022a2                  __memchr_eds
 .libm.eqdf2      0x0022d8          0xa c:/program files/microchip/xc16/v1.60/bin/bin/../../lib\libm-elf.a(deqltle.daeo)
                  0x0022d8                  ___eqdf2
                  0x0022d8                  ___ltdf2
                  0x0022d8                  ___ledf2
 .libm.gtdf2      0x0022e2          0xa c:/program files/microchip/xc16/v1.60/bin/bin/../../lib\libm-elf.a(dgtge.daeo)
                  0x0022e2                  ___gtdf2
                  0x0022e2                  ___gedf2
 .libm.divdf3     0x0022ec         0xb4 c:/program files/microchip/xc16/v1.60/bin/bin/../../lib\libm-elf.a(divdf3.daeo)
                  0x0022ec                  ___divdf3
 .libm.divsi3     0x0023a0         0x1e c:/program files/microchip/xc16/v1.60/bin/bin/../../lib\libm-elf.a(divsi3.daeo)
                  0x0023a0                  ___divsi3
 .libm.dpack      0x0023be         0x58 c:/program files/microchip/xc16/v1.60/bin/bin/../../lib\libm-elf.a(dpack.daeo)
                  0x0023be                  __dpack
 .libm.dunpack2
                  0x002416         0x32 c:/program files/microchip/xc16/v1.60/bin/bin/../../lib\libm-elf.a(dunpack2.daeo)
                  0x002416                  __dunpack2
                  0x002438                  __dreturnNaN
                  0x00243e                  __dunpack2exit
 .libm.extendsfdf2
                  0x002448         0x3e c:/program files/microchip/xc16/v1.60/bin/bin/../../lib\libm-elf.a(extendsfdf.daeo)
                  0x002448                  ___extendsfdf2
 .libm.fixdfsi    0x002486         0x58 c:/program files/microchip/xc16/v1.60/bin/bin/../../lib\libm-elf.a(fixdfsi.daeo)
                  0x002486                  _(float, int, long long, double, float, short, int)
 .libm.floatsidf
                  0x0024de          0x6 c:/program files/microchip/xc16/v1.60/bin/bin/../../lib\libm-elf.a(floatsidf.daeo)
                  0x0024de                  ___floatsidf
 .libm.muldf3     0x0024e4         0xec c:/program files/microchip/xc16/v1.60/bin/bin/../../lib\libm-elf.a(muldf3.daeo)
                  0x0024e4                  ___muldf3
 .libm.subdf3     0x0025d0          0x4 c:/program files/microchip/xc16/v1.60/bin/bin/../../lib\libm-elf.a(subdf3.daeo)
                  0x0025d0                  ___subdf3
 .libm.mulsi3     0x0025d4          0xc c:/program files/microchip/xc16/v1.60/bin/bin/../../lib\libm-elf.a(mulsi3.daeo)
                  0x0025d4                  ___mulp32peds3
                  0x0025d4                  ___mulsi3
                  0x0025d4                  ___mulp32eds3
 .libm.__PplusBdi
                  0x0025e0         0x26 c:/program files/microchip/xc16/v1.60/bin/bin/../../lib\libm-elf.a(divmoddi3.daeo)
 .libm.__PminusBdi
                  0x002606         0x26 c:/program files/microchip/xc16/v1.60/bin/bin/../../lib\libm-elf.a(divmoddi3.daeo)
 .libm.__udivmoddi3
                  0x00262c         0xe6 c:/program files/microchip/xc16/v1.60/bin/bin/../../lib\libm-elf.a(divmoddi3.daeo)
                  0x00262c                  ___udivmoddi3
 .libm.__udivdi3
                  0x002712          0xe c:/program files/microchip/xc16/v1.60/bin/bin/../../lib\libm-elf.a(divmoddi3.daeo)
                  0x002712                  ___udivdi3
 .libm.__umoddi3
                  0x002720          0x8 c:/program files/microchip/xc16/v1.60/bin/bin/../../lib\libm-elf.a(divmoddi3.daeo)
                  0x002720                  ___umoddi3
 .libm.__divdi3
                  0x002728         0x60 c:/program files/microchip/xc16/v1.60/bin/bin/../../lib\libm-elf.a(divmoddi3.daeo)
                  0x002728                  ___divdi3
 .libm.__moddi3
                  0x002788         0x5c c:/program files/microchip/xc16/v1.60/bin/bin/../../lib\libm-elf.a(divmoddi3.daeo)
                  0x002788                  ___moddi3
 .libm.adddf3     0x0027e4         0xfc c:/program files/microchip/xc16/v1.60/bin/bin/../../lib\libm-elf.a(adddf3.daeo)
                  0x0027e4                  ___adddf3
 .libm.dcompare
                  0x0028e0         0x52 c:/program files/microchip/xc16/v1.60/bin/bin/../../lib\libm-elf.a(dcompare.daeo)
                  0x0028e0                  __dcompare
 .libm.dPropagateNaN
                  0x002932         0x1c c:/program files/microchip/xc16/v1.60/bin/bin/../../lib\libm-elf.a(dpropagateNaN.daeo)
                  0x002932                  __dPropagateNaN
 .libm.dtype      0x00294e         0x24 c:/program files/microchip/xc16/v1.60/bin/bin/../../lib\libm-elf.a(dtype.daeo)
                  0x00294e                  __dtype
 .libm.dunpack    0x002972         0x4e c:/program files/microchip/xc16/v1.60/bin/bin/../../lib\libm-elf.a(dunpack.daeo)
                  0x002972                  __dunpack
 .libm.floatdidf
                  0x0029c0         0x20 c:/program files/microchip/xc16/v1.60/bin/bin/../../lib\libm-elf.a(floatdidf.daeo)
                  0x0029c0                  ___floatdidf
 .libm.floatundidf
                  0x0029e0         0x56 c:/program files/microchip/xc16/v1.60/bin/bin/../../lib\libm-elf.a(floatundidf.daeo)
                  0x0029e0                  ___floatundidf

usercode
 *(usercode)

__FSEC            0x00af00          0x2
 *(__FSEC.sec*)
 __FSEC.sec       0x00af00          0x2 /CW/_FSEC
                  0x00af00                  __FSEC.sec

__FBSLIM
 *(__FBSLIM.sec*)

__FSIGN
 *(__FSIGN.sec*)

__FOSCSEL
 *(__FOSCSEL.sec*)

__FOSC
 *(__FOSC.sec*)

__FWDT
 *(__FWDT.sec*)

__FPOR
 *(__FPOR.sec*)

__FICD
 *(__FICD.sec*)

__FDEVOPT1
 *(__FDEVOPT1.sec*)

.comment          0x000000         0x5e
 *(.comment)
 .comment         0x000000         0x5e c:/program files/microchip/xc16/v1.60/bin/bin/../../lib\liblega-c-elf.a(xfiles.DA_elo)

.debug_info       0x000000      0x11ee7
 *(.debug_info)
 .debug_info      0x000000        0x361 build/default/production/mcc_generated_files/clock.o
 .debug_info      0x000361        0x434 build/default/production/mcc_generated_files/traps.o
 .debug_info      0x000795       0x1436 build/default/production/mcc_generated_files/pin_manager.o
 .debug_info      0x001bcb        0xa43 build/default/production/mcc_generated_files/system.o
 .debug_info      0x00260e        0xf17 build/default/production/mcc_generated_files/adc1.o
 .debug_info      0x003525        0xb36 build/default/production/mcc_generated_files/interrupt_manager.o
 .debug_info      0x00405b        0x6fa build/default/production/mcc_generated_files/uart2.o
 .debug_info      0x004755       0x1080 build/default/production/mcc_generated_files/uart1.o
 .debug_info      0x0057d5        0x9c0 build/default/production/mcc_generated_files/tmr1.o
 .debug_info      0x006195        0x817 build/default/production/main.o
 .debug_info      0x0069ac        0xbae build/default/production/debug.o
 .debug_info      0x00755a        0x6ef build/default/production/drv_rtc.o
 .debug_info      0x007c49       0x1ba8 build/default/production/dar_comms.o
 .debug_info      0x0097f1        0xb91 build/default/production/i2c_bit_bang.o
 .debug_info      0x00a382        0xa2d build/default/production/power_switch_interrupt.o
 .debug_info      0x00adaf        0x690 build/default/production/drv_STTS75.o
 .debug_info      0x00b43f       0x1b3d build/default/production/drv_LIS2DS12.o
 .debug_info      0x00cf7c       0x1663 build/default/production/battery_capacity.o
 .debug_info      0x00e5df        0xa48 build/default/production/message_exchange.o
 .debug_info      0x00f027       0x1085 build/default/production/app.o
 .debug_info      0x0100ac        0x51c build/default/production/debug_leds.o
 .debug_info      0x0105c8        0x6b0 build/default/production/temperature_monitor.o
 .debug_info      0x010c78       0x126f build/default/production/drv_i2c1.o
 *(.gnu.linkonce.wi.*)

.debug_abbrev     0x000000       0x267d
 *(.debug_abbrev)
 .debug_abbrev    0x000000         0x6a build/default/production/mcc_generated_files/clock.o
 .debug_abbrev    0x00006a        0x126 build/default/production/mcc_generated_files/traps.o
 .debug_abbrev    0x000190        0x175 build/default/production/mcc_generated_files/pin_manager.o
 .debug_abbrev    0x000305         0xe9 build/default/production/mcc_generated_files/system.o
 .debug_abbrev    0x0003ee          0x1 build/default/production/mcc_generated_files/mcc.o
 .debug_abbrev    0x0003ef        0x1a9 build/default/production/mcc_generated_files/adc1.o
 .debug_abbrev    0x000598         0xb4 build/default/production/mcc_generated_files/interrupt_manager.o
 .debug_abbrev    0x00064c        0x102 build/default/production/mcc_generated_files/uart2.o
 .debug_abbrev    0x00074e        0x2a6 build/default/production/mcc_generated_files/uart1.o
 .debug_abbrev    0x0009f4        0x1ec build/default/production/mcc_generated_files/tmr1.o
 .debug_abbrev    0x000be0        0x1a1 build/default/production/main.o
 .debug_abbrev    0x000d81        0x20d build/default/production/debug.o
 .debug_abbrev    0x000f8e        0x17c build/default/production/drv_rtc.o
 .debug_abbrev    0x00110a        0x346 build/default/production/dar_comms.o
 .debug_abbrev    0x001450        0x210 build/default/production/i2c_bit_bang.o
 .debug_abbrev    0x001660        0x1c3 build/default/production/power_switch_interrupt.o
 .debug_abbrev    0x001823        0x180 build/default/production/drv_STTS75.o
 .debug_abbrev    0x0019a3        0x1a8 build/default/production/drv_LIS2DS12.o
 .debug_abbrev    0x001b4b        0x290 build/default/production/battery_capacity.o
 .debug_abbrev    0x001ddb        0x20d build/default/production/message_exchange.o
 .debug_abbrev    0x001fe8        0x24c build/default/production/app.o
 .debug_abbrev    0x002234         0xb0 build/default/production/debug_leds.o
 .debug_abbrev    0x0022e4        0x163 build/default/production/temperature_monitor.o
 .debug_abbrev    0x002447        0x236 build/default/production/drv_i2c1.o

.debug_line       0x000000       0x2a8c
 *(.debug_line)
 .debug_line      0x000000        0x12a build/default/production/mcc_generated_files/clock.o
 .debug_line      0x00012a        0x14c build/default/production/mcc_generated_files/traps.o
 .debug_line      0x000276        0x1b9 build/default/production/mcc_generated_files/pin_manager.o
 .debug_line      0x00042f        0x121 build/default/production/mcc_generated_files/system.o
 .debug_line      0x000550         0x1a build/default/production/mcc_generated_files/mcc.o
 .debug_line      0x00056a        0x145 build/default/production/mcc_generated_files/adc1.o
 .debug_line      0x0006af        0x129 build/default/production/mcc_generated_files/interrupt_manager.o
 .debug_line      0x0007d8        0x13c build/default/production/mcc_generated_files/uart2.o
 .debug_line      0x000914        0x28e build/default/production/mcc_generated_files/uart1.o
 .debug_line      0x000ba2        0x172 build/default/production/mcc_generated_files/tmr1.o
 .debug_line      0x000d14        0x1c2 build/default/production/main.o
 .debug_line      0x000ed6        0x31d build/default/production/debug.o
 .debug_line      0x0011f3        0x191 build/default/production/drv_rtc.o
 .debug_line      0x001384        0x563 build/default/production/dar_comms.o
 .debug_line      0x0018e7        0x267 build/default/production/i2c_bit_bang.o
 .debug_line      0x001b4e        0x1ff build/default/production/power_switch_interrupt.o
 .debug_line      0x001d4d         0xdb build/default/production/drv_STTS75.o
 .debug_line      0x001e28         0xef build/default/production/drv_LIS2DS12.o
 .debug_line      0x001f17        0x242 build/default/production/battery_capacity.o
 .debug_line      0x002159        0x1fb build/default/production/message_exchange.o
 .debug_line      0x002354        0x173 build/default/production/app.o
 .debug_line      0x0024c7        0x11a build/default/production/debug_leds.o
 .debug_line      0x0025e1        0x1a0 build/default/production/temperature_monitor.o
 .debug_line      0x002781        0x30b build/default/production/drv_i2c1.o

.debug_frame      0x000000       0x155e
 *(.debug_frame)
 .debug_frame     0x000000         0x24 build/default/production/mcc_generated_files/clock.o
 .debug_frame     0x000024        0x128 build/default/production/mcc_generated_files/traps.o
 .debug_frame     0x00014c        0x118 build/default/production/mcc_generated_files/pin_manager.o
 .debug_frame     0x000264         0x24 build/default/production/mcc_generated_files/system.o
 .debug_frame     0x000288         0x84 build/default/production/mcc_generated_files/adc1.o
 .debug_frame     0x00030c         0x24 build/default/production/mcc_generated_files/interrupt_manager.o
 .debug_frame     0x000330         0xa4 build/default/production/mcc_generated_files/uart2.o
 .debug_frame     0x0003d4        0x200 build/default/production/mcc_generated_files/uart1.o
 .debug_frame     0x0005d4        0x108 build/default/production/mcc_generated_files/tmr1.o
 .debug_frame     0x0006dc         0x64 build/default/production/main.o
 .debug_frame     0x000740        0x2f6 build/default/production/debug.o
 .debug_frame     0x000a36        0x116 build/default/production/drv_rtc.o
 .debug_frame     0x000b4c        0x23c build/default/production/dar_comms.o
 .debug_frame     0x000d88         0x7a build/default/production/i2c_bit_bang.o
 .debug_frame     0x000e02         0xec build/default/production/power_switch_interrupt.o
 .debug_frame     0x000eee         0xd6 build/default/production/drv_STTS75.o
 .debug_frame     0x000fc4         0x68 build/default/production/drv_LIS2DS12.o
 .debug_frame     0x00102c         0xcc build/default/production/battery_capacity.o
 .debug_frame     0x0010f8        0x212 build/default/production/message_exchange.o
 .debug_frame     0x00130a         0xd4 build/default/production/app.o
 .debug_frame     0x0013de         0x64 build/default/production/debug_leds.o
 .debug_frame     0x001442         0x48 build/default/production/temperature_monitor.o
 .debug_frame     0x00148a         0xd4 build/default/production/drv_i2c1.o

.debug_str        0x000000        0x6f7
 *(.debug_str)
 .debug_str       0x000000         0x12 build/default/production/mcc_generated_files/clock.o
 .debug_str       0x000012         0x18 build/default/production/mcc_generated_files/traps.o
 .debug_str       0x00002a        0x114 build/default/production/mcc_generated_files/pin_manager.o
 .debug_str       0x00013e         0x3b build/default/production/mcc_generated_files/system.o
 .debug_str       0x000179         0x6e build/default/production/mcc_generated_files/adc1.o
 .debug_str       0x0001e7         0x2e build/default/production/mcc_generated_files/interrupt_manager.o
 .debug_str       0x000215         0x15 build/default/production/mcc_generated_files/uart2.o
 .debug_str       0x00022a         0x9a build/default/production/mcc_generated_files/uart1.o
 .debug_str       0x0002c4         0x32 build/default/production/mcc_generated_files/tmr1.o
 .debug_str       0x0002f6         0x1d build/default/production/main.o
 .debug_str       0x000313         0x5b build/default/production/debug.o
 .debug_str       0x00036e         0x46 build/default/production/drv_rtc.o
 .debug_str       0x0003b4         0x9c build/default/production/dar_comms.o
 .debug_str       0x000450         0x36 build/default/production/i2c_bit_bang.o
 .debug_str       0x000486         0x1c build/default/production/power_switch_interrupt.o
 .debug_str       0x0004a2          0xc build/default/production/drv_STTS75.o
 .debug_str       0x0004ae         0x83 build/default/production/drv_LIS2DS12.o
 .debug_str       0x000531         0xee build/default/production/battery_capacity.o
 .debug_str       0x00061f         0x18 build/default/production/message_exchange.o
 .debug_str       0x000637         0x3b build/default/production/app.o
 .debug_str       0x000672         0x13 build/default/production/debug_leds.o
 .debug_str       0x000685         0x27 build/default/production/temperature_monitor.o
 .debug_str       0x0006ac         0x4b build/default/production/drv_i2c1.o

.debug_loc
 *(.debug_loc)

.debug_macinfo
 *(.debug_macinfo)

.debug_pubnames
                  0x000000       0x12a6
 *(.debug_pubnames)
 .debug_pubnames
                  0x000000         0x27 build/default/production/mcc_generated_files/clock.o
 .debug_pubnames
                  0x000027         0x7d build/default/production/mcc_generated_files/traps.o
 .debug_pubnames
                  0x0000a4        0x237 build/default/production/mcc_generated_files/pin_manager.o
 .debug_pubnames
                  0x0002db         0x28 build/default/production/mcc_generated_files/system.o
 .debug_pubnames
                  0x000303         0xa4 build/default/production/mcc_generated_files/adc1.o
 .debug_pubnames
                  0x0003a7         0x2b build/default/production/mcc_generated_files/interrupt_manager.o
 .debug_pubnames
                  0x0003d2         0xb8 build/default/production/mcc_generated_files/uart2.o
 .debug_pubnames
                  0x00048a        0x284 build/default/production/mcc_generated_files/uart1.o
 .debug_pubnames
                  0x00070e        0x156 build/default/production/mcc_generated_files/tmr1.o
 .debug_pubnames
                  0x000864         0x1b build/default/production/main.o
 .debug_pubnames
                  0x00087f         0xec build/default/production/debug.o
 .debug_pubnames
                  0x00096b         0x56 build/default/production/drv_rtc.o
 .debug_pubnames
                  0x0009c1         0xf4 build/default/production/dar_comms.o
 .debug_pubnames
                  0x000ab5         0x55 build/default/production/i2c_bit_bang.o
 .debug_pubnames
                  0x000b0a         0xd7 build/default/production/power_switch_interrupt.o
 .debug_pubnames
                  0x000be1        0x10f build/default/production/drv_STTS75.o
 .debug_pubnames
                  0x000cf0         0x55 build/default/production/drv_LIS2DS12.o
 .debug_pubnames
                  0x000d45         0xc2 build/default/production/battery_capacity.o
 .debug_pubnames
                  0x000e07        0x18a build/default/production/message_exchange.o
 .debug_pubnames
                  0x000f91        0x11e build/default/production/app.o
 .debug_pubnames
                  0x0010af         0x68 build/default/production/debug_leds.o
 .debug_pubnames
                  0x001117         0x72 build/default/production/temperature_monitor.o
 .debug_pubnames
                  0x001189        0x11d build/default/production/drv_i2c1.o

.debug_ranges
 *(.debug_ranges)

.debug_aranges    0x000000        0x228
 *(.debug_aranges)
 .debug_aranges
                  0x000000         0x18 build/default/production/mcc_generated_files/clock.o
 .debug_aranges
                  0x000018         0x18 build/default/production/mcc_generated_files/traps.o
 .debug_aranges
                  0x000030         0x18 build/default/production/mcc_generated_files/pin_manager.o
 .debug_aranges
                  0x000048         0x18 build/default/production/mcc_generated_files/system.o
 .debug_aranges
                  0x000060         0x18 build/default/production/mcc_generated_files/adc1.o
 .debug_aranges
                  0x000078         0x18 build/default/production/mcc_generated_files/interrupt_manager.o
 .debug_aranges
                  0x000090         0x18 build/default/production/mcc_generated_files/uart2.o
 .debug_aranges
                  0x0000a8         0x18 build/default/production/mcc_generated_files/uart1.o
 .debug_aranges
                  0x0000c0         0x18 build/default/production/mcc_generated_files/tmr1.o
 .debug_aranges
                  0x0000d8         0x18 build/default/production/main.o
 .debug_aranges
                  0x0000f0         0x18 build/default/production/debug.o
 .debug_aranges
                  0x000108         0x18 build/default/production/drv_rtc.o
 .debug_aranges
                  0x000120         0x18 build/default/production/dar_comms.o
 .debug_aranges
                  0x000138         0x18 build/default/production/i2c_bit_bang.o
 .debug_aranges
                  0x000150         0x18 build/default/production/power_switch_interrupt.o
 .debug_aranges
                  0x000168         0x18 build/default/production/drv_STTS75.o
 .debug_aranges
                  0x000180         0x18 build/default/production/drv_LIS2DS12.o
 .debug_aranges
                  0x000198         0x18 build/default/production/battery_capacity.o
 .debug_aranges
                  0x0001b0         0x18 build/default/production/message_exchange.o
 .debug_aranges
                  0x0001c8         0x18 build/default/production/app.o
 .debug_aranges
                  0x0001e0         0x18 build/default/production/debug_leds.o
 .debug_aranges
                  0x0001f8         0x18 build/default/production/temperature_monitor.o
 .debug_aranges
                  0x000210         0x18 build/default/production/drv_i2c1.o
                    0x0000                  WREG0 = 0x0
                    0x0000                  _WREG0 = 0x0
                    0x0002                  WREG1 = 0x2
                    0x0002                  _WREG1 = 0x2
                    0x0004                  WREG2 = 0x4
                    0x0004                  _WREG2 = 0x4
                    0x0006                  WREG3 = 0x6
                    0x0006                  _WREG3 = 0x6
                    0x0008                  WREG4 = 0x8
                    0x0008                  _WREG4 = 0x8
                    0x000a                  WREG5 = 0xa
                    0x000a                  _WREG5 = 0xa
                    0x000c                  WREG6 = 0xc
                    0x000c                  _WREG6 = 0xc
                    0x000e                  WREG7 = 0xe
                    0x000e                  _WREG7 = 0xe
                    0x0010                  WREG8 = 0x10
                    0x0010                  _WREG8 = 0x10
                    0x0012                  WREG9 = 0x12
                    0x0012                  _WREG9 = 0x12
                    0x0014                  WREG10 = 0x14
                    0x0014                  _WREG10 = 0x14
                    0x0016                  WREG11 = 0x16
                    0x0016                  _WREG11 = 0x16
                    0x0018                  WREG12 = 0x18
                    0x0018                  _WREG12 = 0x18
                    0x001a                  WREG13 = 0x1a
                    0x001a                  _WREG13 = 0x1a
                    0x001c                  WREG14 = 0x1c
                    0x001c                  _WREG14 = 0x1c
                    0x001e                  WREG15 = 0x1e
                    0x001e                  _WREG15 = 0x1e
                    0x0020                  SPLIM = 0x20
                    0x0020                  _SPLIM = 0x20
                    0x002e                  PCL = 0x2e
                    0x002e                  _PCL = 0x2e
                    0x0030                  PCH = 0x30
                    0x0030                  _PCH = 0x30
                    0x0032                  DSRPAG = 0x32
                    0x0032                  _DSRPAG = 0x32
                    0x0032                  _DSRPAGbits = 0x32
                    0x0034                  DSWPAG = 0x34
                    0x0034                  _DSWPAG = 0x34
                    0x0034                  _DSWPAGbits = 0x34
                    0x0036                  RCOUNT = 0x36
                    0x0036                  _RCOUNT = 0x36
                    0x0042                  SR = 0x42
                    0x0042                  _SR = 0x42
                    0x0042                  _SRbits = 0x42
                    0x0044                  CORCON = 0x44
                    0x0044                  _CORCON = 0x44
                    0x0044                  _CORCONbits = 0x44
                    0x0052                  DISICNT = 0x52
                    0x0052                  _DISICNT = 0x52
                    0x0052                  _DISICNTbits = 0x52
                    0x0054                  TBLPAG = 0x54
                    0x0054                  _TBLPAG = 0x54
                    0x0054                  _TBLPAGbits = 0x54
                    0x0080                  INTCON1 = 0x80
                    0x0080                  _INTCON1 = 0x80
                    0x0080                  _INTCON1bits = 0x80
                    0x0082                  INTCON2 = 0x82
                    0x0082                  _INTCON2 = 0x82
                    0x0082                  _INTCON2bits = 0x82
                    0x0086                  INTCON4 = 0x86
                    0x0086                  _INTCON4 = 0x86
                    0x0086                  _INTCON4bits = 0x86
                    0x0088                  IFS0 = 0x88
                    0x0088                  _IFS0 = 0x88
                    0x0088                  _IFS0bits = 0x88
                    0x008a                  IFS1 = 0x8a
                    0x008a                  _IFS1 = 0x8a
                    0x008a                  _IFS1bits = 0x8a
                    0x008c                  IFS2 = 0x8c
                    0x008c                  _IFS2 = 0x8c
                    0x008c                  _IFS2bits = 0x8c
                    0x008e                  IFS3 = 0x8e
                    0x008e                  _IFS3 = 0x8e
                    0x008e                  _IFS3bits = 0x8e
                    0x0090                  IFS4 = 0x90
                    0x0090                  _IFS4 = 0x90
                    0x0090                  _IFS4bits = 0x90
                    0x0092                  IFS5 = 0x92
                    0x0092                  _IFS5 = 0x92
                    0x0092                  _IFS5bits = 0x92
                    0x0094                  IFS6 = 0x94
                    0x0094                  _IFS6 = 0x94
                    0x0094                  _IFS6bits = 0x94
                    0x0096                  IFS7 = 0x96
                    0x0096                  _IFS7 = 0x96
                    0x0096                  _IFS7bits = 0x96
                    0x0098                  IEC0 = 0x98
                    0x0098                  _IEC0 = 0x98
                    0x0098                  _IEC0bits = 0x98
                    0x009a                  IEC1 = 0x9a
                    0x009a                  _IEC1 = 0x9a
                    0x009a                  _IEC1bits = 0x9a
                    0x009c                  IEC2 = 0x9c
                    0x009c                  _IEC2 = 0x9c
                    0x009c                  _IEC2bits = 0x9c
                    0x009e                  IEC3 = 0x9e
                    0x009e                  _IEC3 = 0x9e
                    0x009e                  _IEC3bits = 0x9e
                    0x00a0                  IEC4 = 0xa0
                    0x00a0                  _IEC4 = 0xa0
                    0x00a0                  _IEC4bits = 0xa0
                    0x00a2                  IEC5 = 0xa2
                    0x00a2                  _IEC5 = 0xa2
                    0x00a2                  _IEC5bits = 0xa2
                    0x00a4                  IEC6 = 0xa4
                    0x00a4                  _IEC6 = 0xa4
                    0x00a4                  _IEC6bits = 0xa4
                    0x00a6                  IEC7 = 0xa6
                    0x00a6                  _IEC7 = 0xa6
                    0x00a6                  _IEC7bits = 0xa6
                    0x00a8                  IPC0 = 0xa8
                    0x00a8                  _IPC0 = 0xa8
                    0x00a8                  _IPC0bits = 0xa8
                    0x00aa                  IPC1 = 0xaa
                    0x00aa                  _IPC1 = 0xaa
                    0x00aa                  _IPC1bits = 0xaa
                    0x00ac                  IPC2 = 0xac
                    0x00ac                  _IPC2 = 0xac
                    0x00ac                  _IPC2bits = 0xac
                    0x00ae                  IPC3 = 0xae
                    0x00ae                  _IPC3 = 0xae
                    0x00ae                  _IPC3bits = 0xae
                    0x00b0                  IPC4 = 0xb0
                    0x00b0                  _IPC4 = 0xb0
                    0x00b0                  _IPC4bits = 0xb0
                    0x00b2                  IPC5 = 0xb2
                    0x00b2                  _IPC5 = 0xb2
                    0x00b2                  _IPC5bits = 0xb2
                    0x00b4                  IPC6 = 0xb4
                    0x00b4                  _IPC6 = 0xb4
                    0x00b4                  _IPC6bits = 0xb4
                    0x00b6                  IPC7 = 0xb6
                    0x00b6                  _IPC7 = 0xb6
                    0x00b6                  _IPC7bits = 0xb6
                    0x00b8                  IPC8 = 0xb8
                    0x00b8                  _IPC8 = 0xb8
                    0x00b8                  _IPC8bits = 0xb8
                    0x00ba                  IPC9 = 0xba
                    0x00ba                  _IPC9 = 0xba
                    0x00ba                  _IPC9bits = 0xba
                    0x00bc                  IPC10 = 0xbc
                    0x00bc                  _IPC10 = 0xbc
                    0x00bc                  _IPC10bits = 0xbc
                    0x00be                  IPC11 = 0xbe
                    0x00be                  _IPC11 = 0xbe
                    0x00be                  _IPC11bits = 0xbe
                    0x00c0                  IPC12 = 0xc0
                    0x00c0                  _IPC12 = 0xc0
                    0x00c0                  _IPC12bits = 0xc0
                    0x00c2                  IPC13 = 0xc2
                    0x00c2                  _IPC13 = 0xc2
                    0x00c2                  _IPC13bits = 0xc2
                    0x00c4                  IPC14 = 0xc4
                    0x00c4                  _IPC14 = 0xc4
                    0x00c4                  _IPC14bits = 0xc4
                    0x00c6                  IPC15 = 0xc6
                    0x00c6                  _IPC15 = 0xc6
                    0x00c6                  _IPC15bits = 0xc6
                    0x00c8                  IPC16 = 0xc8
                    0x00c8                  _IPC16 = 0xc8
                    0x00c8                  _IPC16bits = 0xc8
                    0x00ca                  IPC17 = 0xca
                    0x00ca                  _IPC17 = 0xca
                    0x00ca                  _IPC17bits = 0xca
                    0x00cc                  IPC18 = 0xcc
                    0x00cc                  _IPC18 = 0xcc
                    0x00cc                  _IPC18bits = 0xcc
                    0x00ce                  IPC19 = 0xce
                    0x00ce                  _IPC19 = 0xce
                    0x00ce                  _IPC19bits = 0xce
                    0x00d0                  IPC20 = 0xd0
                    0x00d0                  _IPC20 = 0xd0
                    0x00d0                  _IPC20bits = 0xd0
                    0x00d2                  IPC21 = 0xd2
                    0x00d2                  _IPC21 = 0xd2
                    0x00d2                  _IPC21bits = 0xd2
                    0x00d4                  IPC22 = 0xd4
                    0x00d4                  _IPC22 = 0xd4
                    0x00d4                  _IPC22bits = 0xd4
                    0x00d6                  IPC23 = 0xd6
                    0x00d6                  _IPC23 = 0xd6
                    0x00d6                  _IPC23bits = 0xd6
                    0x00d8                  IPC24 = 0xd8
                    0x00d8                  _IPC24 = 0xd8
                    0x00d8                  _IPC24bits = 0xd8
                    0x00da                  IPC25 = 0xda
                    0x00da                  _IPC25 = 0xda
                    0x00da                  _IPC25bits = 0xda
                    0x00dc                  IPC26 = 0xdc
                    0x00dc                  _IPC26 = 0xdc
                    0x00dc                  _IPC26bits = 0xdc
                    0x00de                  IPC27 = 0xde
                    0x00de                  _IPC27 = 0xde
                    0x00de                  _IPC27bits = 0xde
                    0x00e0                  IPC28 = 0xe0
                    0x00e0                  _IPC28 = 0xe0
                    0x00e0                  _IPC28bits = 0xe0
                    0x00e2                  IPC29 = 0xe2
                    0x00e2                  _IPC29 = 0xe2
                    0x00e2                  _IPC29bits = 0xe2
                    0x00e4                  INTTREG = 0xe4
                    0x00e4                  _INTTREG = 0xe4
                    0x00e4                  _INTTREGbits = 0xe4
                    0x0100                  OSCCON = 0x100
                    0x0100                  _OSCCON = 0x100
                    0x0100                  _OSCCONbits = 0x100
                    0x0100                  OSCCONL = 0x100
                    0x0100                  _OSCCONL = 0x100
                    0x0101                  OSCCONH = 0x101
                    0x0101                  _OSCCONH = 0x101
                    0x0102                  CLKDIV = 0x102
                    0x0102                  _CLKDIV = 0x102
                    0x0102                  _CLKDIVbits = 0x102
                    0x0106                  OSCTUN = 0x106
                    0x0106                  _OSCTUN = 0x106
                    0x0106                  _OSCTUNbits = 0x106
                    0x0108                  DCOTUN = 0x108
                    0x0108                  _DCOTUN = 0x108
                    0x0108                  _DCOTUNbits = 0x108
                    0x010a                  DCOCON = 0x10a
                    0x010a                  _DCOCON = 0x10a
                    0x010a                  _DCOCONbits = 0x10a
                    0x010c                  OSCDIV = 0x10c
                    0x010c                  _OSCDIV = 0x10c
                    0x010c                  _OSCDIVbits = 0x10c
                    0x010e                  OSCFDIV = 0x10e
                    0x010e                  _OSCFDIV = 0x10e
                    0x010e                  _OSCFDIVbits = 0x10e
                    0x0110                  RCON = 0x110
                    0x0110                  _RCON = 0x110
                    0x0110                  _RCONbits = 0x110
                    0x0114                  HLVDCON = 0x114
                    0x0114                  _HLVDCON = 0x114
                    0x0114                  _HLVDCONbits = 0x114
                    0x0158                  CRCCON1 = 0x158
                    0x0158                  _CRCCON1 = 0x158
                    0x0158                  _CRCCON1bits = 0x158
                    0x015a                  CRCCON2 = 0x15a
                    0x015a                  _CRCCON2 = 0x15a
                    0x015a                  _CRCCON2bits = 0x15a
                    0x015c                  CRCXORL = 0x15c
                    0x015c                  _CRCXORL = 0x15c
                    0x015c                  _CRCXORLbits = 0x15c
                    0x015e                  CRCXORH = 0x15e
                    0x015e                  _CRCXORH = 0x15e
                    0x015e                  _CRCXORHbits = 0x15e
                    0x0160                  CRCDAT = 0x160
                    0x0160                  _CRCDAT = 0x160
                    0x0160                  CRCDATL = 0x160
                    0x0160                  _CRCDATL = 0x160
                    0x0162                  CRCDATH = 0x162
                    0x0162                  _CRCDATH = 0x162
                    0x0164                  CRCWDAT = 0x164
                    0x0164                  _CRCWDAT = 0x164
                    0x0164                  CRCWDATL = 0x164
                    0x0164                  _CRCWDATL = 0x164
                    0x0166                  CRCWDATH = 0x166
                    0x0166                  _CRCWDATH = 0x166
                    0x0168                  REFOCON1 = 0x168
                    0x0168                  _REFOCON1 = 0x168
                    0x0168                  _REFOCON1bits = 0x168
                    0x0168                  REFOCONL = 0x168
                    0x0168                  _REFOCONL = 0x168
                    0x0168                  _REFOCONLbits = 0x168
                    0x016a                  REFOCON2 = 0x16a
                    0x016a                  _REFOCON2 = 0x16a
                    0x016a                  _REFOCON2bits = 0x16a
                    0x016a                  REFOCONH = 0x16a
                    0x016a                  _REFOCONH = 0x16a
                    0x016a                  _REFOCONHbits = 0x16a
                    0x0178                  PMD1 = 0x178
                    0x0178                  _PMD1 = 0x178
                    0x0178                  _PMD1bits = 0x178
                    0x017a                  PMD2 = 0x17a
                    0x017a                  _PMD2 = 0x17a
                    0x017a                  _PMD2bits = 0x17a
                    0x017c                  PMD3 = 0x17c
                    0x017c                  _PMD3 = 0x17c
                    0x017c                  _PMD3bits = 0x17c
                    0x017e                  PMD4 = 0x17e
                    0x017e                  _PMD4 = 0x17e
                    0x017e                  _PMD4bits = 0x17e
                    0x0180                  PMD5 = 0x180
                    0x0180                  _PMD5 = 0x180
                    0x0180                  _PMD5bits = 0x180
                    0x0182                  PMD6 = 0x182
                    0x0182                  _PMD6 = 0x182
                    0x0182                  _PMD6bits = 0x182
                    0x0184                  PMD7 = 0x184
                    0x0184                  _PMD7 = 0x184
                    0x0184                  _PMD7bits = 0x184
                    0x0186                  PMD8 = 0x186
                    0x0186                  _PMD8 = 0x186
                    0x0186                  _PMD8bits = 0x186
                    0x0190                  TMR1 = 0x190
                    0x0190                  _TMR1 = 0x190
                    0x0192                  PR1 = 0x192
                    0x0192                  _PR1 = 0x192
                    0x0194                  T1CON = 0x194
                    0x0194                  _T1CON = 0x194
                    0x0194                  _T1CONbits = 0x194
                    0x0196                  TMR2 = 0x196
                    0x0196                  _TMR2 = 0x196
                    0x0198                  TMR3HLD = 0x198
                    0x0198                  _TMR3HLD = 0x198
                    0x019a                  TMR3 = 0x19a
                    0x019a                  _TMR3 = 0x19a
                    0x019c                  PR2 = 0x19c
                    0x019c                  _PR2 = 0x19c
                    0x019e                  PR3 = 0x19e
                    0x019e                  _PR3 = 0x19e
                    0x01a0                  T2CON = 0x1a0
                    0x01a0                  _T2CON = 0x1a0
                    0x01a0                  _T2CONbits = 0x1a0
                    0x01a2                  T3CON = 0x1a2
                    0x01a2                  _T3CON = 0x1a2
                    0x01a2                  _T3CONbits = 0x1a2
                    0x01c0                  CTMUCON1L = 0x1c0
                    0x01c0                  _CTMUCON1L = 0x1c0
                    0x01c0                  _CTMUCON1Lbits = 0x1c0
                    0x01c2                  CTMUCON1H = 0x1c2
                    0x01c2                  _CTMUCON1H = 0x1c2
                    0x01c2                  _CTMUCON1Hbits = 0x1c2
                    0x01c4                  CTMUCON2L = 0x1c4
                    0x01c4                  _CTMUCON2L = 0x1c4
                    0x01c4                  _CTMUCON2Lbits = 0x1c4
                    0x01cc                  RTCCON1L = 0x1cc
                    0x01cc                  _RTCCON1L = 0x1cc
                    0x01cc                  _RTCCON1Lbits = 0x1cc
                    0x01ce                  RTCCON1H = 0x1ce
                    0x01ce                  _RTCCON1H = 0x1ce
                    0x01ce                  _RTCCON1Hbits = 0x1ce
                    0x01d0                  RTCCON2L = 0x1d0
                    0x01d0                  _RTCCON2L = 0x1d0
                    0x01d0                  _RTCCON2Lbits = 0x1d0
                    0x01d2                  RTCCON2H = 0x1d2
                    0x01d2                  _RTCCON2H = 0x1d2
                    0x01d4                  RTCCON3L = 0x1d4
                    0x01d4                  _RTCCON3L = 0x1d4
                    0x01d4                  _RTCCON3Lbits = 0x1d4
                    0x01d8                  RTCSTATL = 0x1d8
                    0x01d8                  _RTCSTATL = 0x1d8
                    0x01d8                  _RTCSTATLbits = 0x1d8
                    0x01dc                  TIMEL = 0x1dc
                    0x01dc                  _TIMEL = 0x1dc
                    0x01dc                  _TIMELbits = 0x1dc
                    0x01de                  TIMEH = 0x1de
                    0x01de                  _TIMEH = 0x1de
                    0x01de                  _TIMEHbits = 0x1de
                    0x01e0                  DATEL = 0x1e0
                    0x01e0                  _DATEL = 0x1e0
                    0x01e0                  _DATELbits = 0x1e0
                    0x01e2                  DATEH = 0x1e2
                    0x01e2                  _DATEH = 0x1e2
                    0x01e2                  _DATEHbits = 0x1e2
                    0x01e4                  ALMTIMEL = 0x1e4
                    0x01e4                  _ALMTIMEL = 0x1e4
                    0x01e4                  _ALMTIMELbits = 0x1e4
                    0x01e6                  ALMTIMEH = 0x1e6
                    0x01e6                  _ALMTIMEH = 0x1e6
                    0x01e6                  _ALMTIMEHbits = 0x1e6
                    0x01e8                  ALMDATEL = 0x1e8
                    0x01e8                  _ALMDATEL = 0x1e8
                    0x01e8                  _ALMDATELbits = 0x1e8
                    0x01ea                  ALMDATEH = 0x1ea
                    0x01ea                  _ALMDATEH = 0x1ea
                    0x01ea                  _ALMDATEHbits = 0x1ea
                    0x01ec                  TSATIMEL = 0x1ec
                    0x01ec                  _TSATIMEL = 0x1ec
                    0x01ec                  _TSATIMELbits = 0x1ec
                    0x01ee                  TSATIMEH = 0x1ee
                    0x01ee                  _TSATIMEH = 0x1ee
                    0x01ee                  _TSATIMEHbits = 0x1ee
                    0x01f0                  TSADATEL = 0x1f0
                    0x01f0                  _TSADATEL = 0x1f0
                    0x01f0                  _TSADATELbits = 0x1f0
                    0x01f2                  TSADATEH = 0x1f2
                    0x01f2                  _TSADATEH = 0x1f2
                    0x01f2                  _TSADATEHbits = 0x1f2
                    0x0200                  IC1CON1 = 0x200
                    0x0200                  _IC1CON1 = 0x200
                    0x0200                  _IC1CON1bits = 0x200
                    0x0202                  IC1CON2 = 0x202
                    0x0202                  _IC1CON2 = 0x202
                    0x0202                  _IC1CON2bits = 0x202
                    0x0204                  IC1BUF = 0x204
                    0x0204                  _IC1BUF = 0x204
                    0x0206                  IC1TMR = 0x206
                    0x0206                  _IC1TMR = 0x206
                    0x0208                  IC2CON1 = 0x208
                    0x0208                  _IC2CON1 = 0x208
                    0x0208                  _IC2CON1bits = 0x208
                    0x020a                  IC2CON2 = 0x20a
                    0x020a                  _IC2CON2 = 0x20a
                    0x020a                  _IC2CON2bits = 0x20a
                    0x020c                  IC2BUF = 0x20c
                    0x020c                  _IC2BUF = 0x20c
                    0x020e                  IC2TMR = 0x20e
                    0x020e                  _IC2TMR = 0x20e
                    0x0210                  IC3CON1 = 0x210
                    0x0210                  _IC3CON1 = 0x210
                    0x0210                  _IC3CON1bits = 0x210
                    0x0212                  IC3CON2 = 0x212
                    0x0212                  _IC3CON2 = 0x212
                    0x0212                  _IC3CON2bits = 0x212
                    0x0214                  IC3BUF = 0x214
                    0x0214                  _IC3BUF = 0x214
                    0x0216                  IC3TMR = 0x216
                    0x0216                  _IC3TMR = 0x216
                    0x0230                  OC1CON1 = 0x230
                    0x0230                  _OC1CON1 = 0x230
                    0x0230                  _OC1CON1bits = 0x230
                    0x0232                  OC1CON2 = 0x232
                    0x0232                  _OC1CON2 = 0x232
                    0x0232                  _OC1CON2bits = 0x232
                    0x0234                  OC1RS = 0x234
                    0x0234                  _OC1RS = 0x234
                    0x0236                  OC1R = 0x236
                    0x0236                  _OC1R = 0x236
                    0x0238                  OC1TMR = 0x238
                    0x0238                  _OC1TMR = 0x238
                    0x023a                  OC2CON1 = 0x23a
                    0x023a                  _OC2CON1 = 0x23a
                    0x023a                  _OC2CON1bits = 0x23a
                    0x023c                  OC2CON2 = 0x23c
                    0x023c                  _OC2CON2 = 0x23c
                    0x023c                  _OC2CON2bits = 0x23c
                    0x023e                  OC2RS = 0x23e
                    0x023e                  _OC2RS = 0x23e
                    0x0240                  OC2R = 0x240
                    0x0240                  _OC2R = 0x240
                    0x0242                  OC2TMR = 0x242
                    0x0242                  _OC2TMR = 0x242
                    0x0244                  OC3CON1 = 0x244
                    0x0244                  _OC3CON1 = 0x244
                    0x0244                  _OC3CON1bits = 0x244
                    0x0246                  OC3CON2 = 0x246
                    0x0246                  _OC3CON2 = 0x246
                    0x0246                  _OC3CON2bits = 0x246
                    0x0248                  OC3RS = 0x248
                    0x0248                  _OC3RS = 0x248
                    0x024a                  OC3R = 0x24a
                    0x024a                  _OC3R = 0x24a
                    0x024c                  OC3TMR = 0x24c
                    0x024c                  _OC3TMR = 0x24c
                    0x026c                  CCP1CON1L = 0x26c
                    0x026c                  _CCP1CON1L = 0x26c
                    0x026c                  _CCP1CON1Lbits = 0x26c
                    0x026e                  CCP1CON1H = 0x26e
                    0x026e                  _CCP1CON1H = 0x26e
                    0x026e                  _CCP1CON1Hbits = 0x26e
                    0x0270                  CCP1CON2L = 0x270
                    0x0270                  _CCP1CON2L = 0x270
                    0x0270                  _CCP1CON2Lbits = 0x270
                    0x0272                  CCP1CON2H = 0x272
                    0x0272                  _CCP1CON2H = 0x272
                    0x0272                  _CCP1CON2Hbits = 0x272
                    0x0274                  CCP1CON3L = 0x274
                    0x0274                  _CCP1CON3L = 0x274
                    0x0274                  _CCP1CON3Lbits = 0x274
                    0x0276                  CCP1CON3H = 0x276
                    0x0276                  _CCP1CON3H = 0x276
                    0x0276                  _CCP1CON3Hbits = 0x276
                    0x0278                  CCP1STAT = 0x278
                    0x0278                  _CCP1STAT = 0x278
                    0x0278                  _CCP1STATbits = 0x278
                    0x0278                  CCP1STATL = 0x278
                    0x0278                  _CCP1STATL = 0x278
                    0x0278                  _CCP1STATLbits = 0x278
                    0x027a                  CCP1STATH = 0x27a
                    0x027a                  _CCP1STATH = 0x27a
                    0x027a                  _CCP1STATHbits = 0x27a
                    0x027c                  CCP1TMRL = 0x27c
                    0x027c                  _CCP1TMRL = 0x27c
                    0x027e                  CCP1TMRH = 0x27e
                    0x027e                  _CCP1TMRH = 0x27e
                    0x0280                  CCP1PRL = 0x280
                    0x0280                  _CCP1PRL = 0x280
                    0x0282                  CCP1PRH = 0x282
                    0x0282                  _CCP1PRH = 0x282
                    0x0284                  CCP1RA = 0x284
                    0x0284                  _CCP1RA = 0x284
                    0x0284                  CCP1RAL = 0x284
                    0x0284                  _CCP1RAL = 0x284
                    0x0286                  CCP1RAH = 0x286
                    0x0286                  _CCP1RAH = 0x286
                    0x0288                  CCP1RB = 0x288
                    0x0288                  _CCP1RB = 0x288
                    0x0288                  CCP1RBL = 0x288
                    0x0288                  _CCP1RBL = 0x288
                    0x028a                  CCP1RBH = 0x28a
                    0x028a                  _CCP1RBH = 0x28a
                    0x028c                  CCP1BUFL = 0x28c
                    0x028c                  _CCP1BUFL = 0x28c
                    0x028e                  CCP1BUFH = 0x28e
                    0x028e                  _CCP1BUFH = 0x28e
                    0x0290                  CCP2CON1L = 0x290
                    0x0290                  _CCP2CON1L = 0x290
                    0x0290                  _CCP2CON1Lbits = 0x290
                    0x0292                  CCP2CON1H = 0x292
                    0x0292                  _CCP2CON1H = 0x292
                    0x0292                  _CCP2CON1Hbits = 0x292
                    0x0294                  CCP2CON2L = 0x294
                    0x0294                  _CCP2CON2L = 0x294
                    0x0294                  _CCP2CON2Lbits = 0x294
                    0x0296                  CCP2CON2H = 0x296
                    0x0296                  _CCP2CON2H = 0x296
                    0x0296                  _CCP2CON2Hbits = 0x296
                    0x029a                  CCP2CON3H = 0x29a
                    0x029a                  _CCP2CON3H = 0x29a
                    0x029a                  _CCP2CON3Hbits = 0x29a
                    0x029c                  CCP2STAT = 0x29c
                    0x029c                  _CCP2STAT = 0x29c
                    0x029c                  _CCP2STATbits = 0x29c
                    0x029c                  CCP2STATL = 0x29c
                    0x029c                  _CCP2STATL = 0x29c
                    0x029c                  _CCP2STATLbits = 0x29c
                    0x029e                  CCP2STATH = 0x29e
                    0x029e                  _CCP2STATH = 0x29e
                    0x029e                  _CCP2STATHbits = 0x29e
                    0x02a0                  CCP2TMRL = 0x2a0
                    0x02a0                  _CCP2TMRL = 0x2a0
                    0x02a2                  CCP2TMRH = 0x2a2
                    0x02a2                  _CCP2TMRH = 0x2a2
                    0x02a4                  CCP2PRL = 0x2a4
                    0x02a4                  _CCP2PRL = 0x2a4
                    0x02a6                  CCP2PRH = 0x2a6
                    0x02a6                  _CCP2PRH = 0x2a6
                    0x02a8                  CCP2RA = 0x2a8
                    0x02a8                  _CCP2RA = 0x2a8
                    0x02a8                  CCP2RAL = 0x2a8
                    0x02a8                  _CCP2RAL = 0x2a8
                    0x02aa                  CCP2RAH = 0x2aa
                    0x02aa                  _CCP2RAH = 0x2aa
                    0x02ac                  CCP2RB = 0x2ac
                    0x02ac                  _CCP2RB = 0x2ac
                    0x02ac                  CCP2RBL = 0x2ac
                    0x02ac                  _CCP2RBL = 0x2ac
                    0x02ae                  CCP2RBH = 0x2ae
                    0x02ae                  _CCP2RBH = 0x2ae
                    0x02b0                  CCP2BUFL = 0x2b0
                    0x02b0                  _CCP2BUFL = 0x2b0
                    0x02b2                  CCP2BUFH = 0x2b2
                    0x02b2                  _CCP2BUFH = 0x2b2
                    0x02b4                  CCP3CON1L = 0x2b4
                    0x02b4                  _CCP3CON1L = 0x2b4
                    0x02b4                  _CCP3CON1Lbits = 0x2b4
                    0x02b6                  CCP3CON1H = 0x2b6
                    0x02b6                  _CCP3CON1H = 0x2b6
                    0x02b6                  _CCP3CON1Hbits = 0x2b6
                    0x02b8                  CCP3CON2L = 0x2b8
                    0x02b8                  _CCP3CON2L = 0x2b8
                    0x02b8                  _CCP3CON2Lbits = 0x2b8
                    0x02ba                  CCP3CON2H = 0x2ba
                    0x02ba                  _CCP3CON2H = 0x2ba
                    0x02ba                  _CCP3CON2Hbits = 0x2ba
                    0x02be                  CCP3CON3H = 0x2be
                    0x02be                  _CCP3CON3H = 0x2be
                    0x02be                  _CCP3CON3Hbits = 0x2be
                    0x02c0                  CCP3STAT = 0x2c0
                    0x02c0                  _CCP3STAT = 0x2c0
                    0x02c0                  _CCP3STATbits = 0x2c0
                    0x02c0                  CCP3STATL = 0x2c0
                    0x02c0                  _CCP3STATL = 0x2c0
                    0x02c0                  _CCP3STATLbits = 0x2c0
                    0x02c2                  CCP3STATH = 0x2c2
                    0x02c2                  _CCP3STATH = 0x2c2
                    0x02c2                  _CCP3STATHbits = 0x2c2
                    0x02c4                  CCP3TMRL = 0x2c4
                    0x02c4                  _CCP3TMRL = 0x2c4
                    0x02c6                  CCP3TMRH = 0x2c6
                    0x02c6                  _CCP3TMRH = 0x2c6
                    0x02c8                  CCP3PRL = 0x2c8
                    0x02c8                  _CCP3PRL = 0x2c8
                    0x02ca                  CCP3PRH = 0x2ca
                    0x02ca                  _CCP3PRH = 0x2ca
                    0x02cc                  CCP3RA = 0x2cc
                    0x02cc                  _CCP3RA = 0x2cc
                    0x02cc                  CCP3RAL = 0x2cc
                    0x02cc                  _CCP3RAL = 0x2cc
                    0x02ce                  CCP3RAH = 0x2ce
                    0x02ce                  _CCP3RAH = 0x2ce
                    0x02d0                  CCP3RB = 0x2d0
                    0x02d0                  _CCP3RB = 0x2d0
                    0x02d0                  CCP3RBL = 0x2d0
                    0x02d0                  _CCP3RBL = 0x2d0
                    0x02d2                  CCP3RBH = 0x2d2
                    0x02d2                  _CCP3RBH = 0x2d2
                    0x02d4                  CCP3BUFL = 0x2d4
                    0x02d4                  _CCP3BUFL = 0x2d4
                    0x02d6                  CCP3BUFH = 0x2d6
                    0x02d6                  _CCP3BUFH = 0x2d6
                    0x02e6                  CMSTAT = 0x2e6
                    0x02e6                  _CMSTAT = 0x2e6
                    0x02e6                  _CMSTATbits = 0x2e6
                    0x02e8                  CVRCON = 0x2e8
                    0x02e8                  _CVRCON = 0x2e8
                    0x02e8                  _CVRCONbits = 0x2e8
                    0x02ea                  CM1CON = 0x2ea
                    0x02ea                  _CM1CON = 0x2ea
                    0x02ea                  _CM1CONbits = 0x2ea
                    0x02ec                  CM2CON = 0x2ec
                    0x02ec                  _CM2CON = 0x2ec
                    0x02ec                  _CM2CONbits = 0x2ec
                    0x02ee                  CM3CON = 0x2ee
                    0x02ee                  _CM3CON = 0x2ee
                    0x02ee                  _CM3CONbits = 0x2ee
                    0x02f4                  ANCFG = 0x2f4
                    0x02f4                  _ANCFG = 0x2f4
                    0x02f4                  _ANCFGbits = 0x2f4
                    0x0300                  CCP4CON1L = 0x300
                    0x0300                  _CCP4CON1L = 0x300
                    0x0300                  _CCP4CON1Lbits = 0x300
                    0x0302                  CCP4CON1H = 0x302
                    0x0302                  _CCP4CON1H = 0x302
                    0x0302                  _CCP4CON1Hbits = 0x302
                    0x0304                  CCP4CON2L = 0x304
                    0x0304                  _CCP4CON2L = 0x304
                    0x0304                  _CCP4CON2Lbits = 0x304
                    0x0306                  CCP4CON2H = 0x306
                    0x0306                  _CCP4CON2H = 0x306
                    0x0306                  _CCP4CON2Hbits = 0x306
                    0x030a                  CCP4CON3H = 0x30a
                    0x030a                  _CCP4CON3H = 0x30a
                    0x030a                  _CCP4CON3Hbits = 0x30a
                    0x030c                  CCP4STAT = 0x30c
                    0x030c                  _CCP4STAT = 0x30c
                    0x030c                  _CCP4STATbits = 0x30c
                    0x030c                  CCP4STATL = 0x30c
                    0x030c                  _CCP4STATL = 0x30c
                    0x030c                  _CCP4STATLbits = 0x30c
                    0x030e                  CCP4STATH = 0x30e
                    0x030e                  _CCP4STATH = 0x30e
                    0x030e                  _CCP4STATHbits = 0x30e
                    0x0310                  CCP4TMRL = 0x310
                    0x0310                  _CCP4TMRL = 0x310
                    0x0312                  CCP4TMRH = 0x312
                    0x0312                  _CCP4TMRH = 0x312
                    0x0314                  CCP4PRL = 0x314
                    0x0314                  _CCP4PRL = 0x314
                    0x0316                  CCP4PRH = 0x316
                    0x0316                  _CCP4PRH = 0x316
                    0x0318                  CCP4RA = 0x318
                    0x0318                  _CCP4RA = 0x318
                    0x0318                  CCP4RAL = 0x318
                    0x0318                  _CCP4RAL = 0x318
                    0x031a                  CCP4RAH = 0x31a
                    0x031a                  _CCP4RAH = 0x31a
                    0x031c                  CCP4RB = 0x31c
                    0x031c                  _CCP4RB = 0x31c
                    0x031c                  CCP4RBL = 0x31c
                    0x031c                  _CCP4RBL = 0x31c
                    0x031e                  CCP4RBH = 0x31e
                    0x031e                  _CCP4RBH = 0x31e
                    0x0320                  CCP4BUFL = 0x320
                    0x0320                  _CCP4BUFL = 0x320
                    0x0322                  CCP4BUFH = 0x322
                    0x0322                  _CCP4BUFH = 0x322
                    0x0398                  U1MODE = 0x398
                    0x0398                  _U1MODE = 0x398
                    0x0398                  _U1MODEbits = 0x398
                    0x039a                  U1STA = 0x39a
                    0x039a                  _U1STA = 0x39a
                    0x039a                  _U1STAbits = 0x39a
                    0x039c                  U1TXREG = 0x39c
                    0x039c                  _U1TXREG = 0x39c
                    0x039c                  _U1TXREGbits = 0x39c
                    0x039e                  U1RXREG = 0x39e
                    0x039e                  _U1RXREG = 0x39e
                    0x03a0                  U1BRG = 0x3a0
                    0x03a0                  _U1BRG = 0x3a0
                    0x03a2                  U1ADMD = 0x3a2
                    0x03a2                  _U1ADMD = 0x3a2
                    0x03a2                  _U1ADMDbits = 0x3a2
                    0x03a4                  U1SCCON = 0x3a4
                    0x03a4                  _U1SCCON = 0x3a4
                    0x03a4                  _U1SCCONbits = 0x3a4
                    0x03a6                  U1SCINT = 0x3a6
                    0x03a6                  _U1SCINT = 0x3a6
                    0x03a6                  _U1SCINTbits = 0x3a6
                    0x03a8                  U1GTC = 0x3a8
                    0x03a8                  _U1GTC = 0x3a8
                    0x03a8                  _U1GTCbits = 0x3a8
                    0x03aa                  U1WTCL = 0x3aa
                    0x03aa                  _U1WTCL = 0x3aa
                    0x03aa                  _U1WTCLbits = 0x3aa
                    0x03ac                  U1WTCH = 0x3ac
                    0x03ac                  _U1WTCH = 0x3ac
                    0x03ac                  _U1WTCHbits = 0x3ac
                    0x03ae                  U2MODE = 0x3ae
                    0x03ae                  _U2MODE = 0x3ae
                    0x03ae                  _U2MODEbits = 0x3ae
                    0x03b0                  U2STA = 0x3b0
                    0x03b0                  _U2STA = 0x3b0
                    0x03b0                  _U2STAbits = 0x3b0
                    0x03b2                  U2TXREG = 0x3b2
                    0x03b2                  _U2TXREG = 0x3b2
                    0x03b2                  _U2TXREGbits = 0x3b2
                    0x03b4                  U2RXREG = 0x3b4
                    0x03b4                  _U2RXREG = 0x3b4
                    0x03b6                  U2BRG = 0x3b6
                    0x03b6                  _U2BRG = 0x3b6
                    0x03b8                  U2ADMD = 0x3b8
                    0x03b8                  _U2ADMD = 0x3b8
                    0x03b8                  _U2ADMDbits = 0x3b8
                    0x03ba                  U2SCCON = 0x3ba
                    0x03ba                  _U2SCCON = 0x3ba
                    0x03ba                  _U2SCCONbits = 0x3ba
                    0x03bc                  U2SCINT = 0x3bc
                    0x03bc                  _U2SCINT = 0x3bc
                    0x03bc                  _U2SCINTbits = 0x3bc
                    0x03be                  U2GTC = 0x3be
                    0x03be                  _U2GTC = 0x3be
                    0x03be                  _U2GTCbits = 0x3be
                    0x03c0                  U2WTCL = 0x3c0
                    0x03c0                  _U2WTCL = 0x3c0
                    0x03c0                  _U2WTCLbits = 0x3c0
                    0x03c2                  U2WTCH = 0x3c2
                    0x03c2                  _U2WTCH = 0x3c2
                    0x03c2                  _U2WTCHbits = 0x3c2
                    0x03f4                  SPI1CON1 = 0x3f4
                    0x03f4                  _SPI1CON1 = 0x3f4
                    0x03f4                  _SPI1CON1bits = 0x3f4
                    0x03f4                  SPI1CON1L = 0x3f4
                    0x03f4                  _SPI1CON1L = 0x3f4
                    0x03f4                  _SPI1CON1Lbits = 0x3f4
                    0x03f6                  SPI1CON1H = 0x3f6
                    0x03f6                  _SPI1CON1H = 0x3f6
                    0x03f6                  _SPI1CON1Hbits = 0x3f6
                    0x03f6                  SPI1CON2 = 0x3f6
                    0x03f6                  _SPI1CON2 = 0x3f6
                    0x03f6                  _SPI1CON2bits = 0x3f6
                    0x03f8                  SPI1CON2L = 0x3f8
                    0x03f8                  _SPI1CON2L = 0x3f8
                    0x03f8                  _SPI1CON2Lbits = 0x3f8
                    0x03f8                  SPI1CON3 = 0x3f8
                    0x03f8                  _SPI1CON3 = 0x3f8
                    0x03f8                  _SPI1CON3bits = 0x3f8
                    0x03fc                  SPI1STATL = 0x3fc
                    0x03fc                  _SPI1STATL = 0x3fc
                    0x03fc                  _SPI1STATLbits = 0x3fc
                    0x03fe                  SPI1STATH = 0x3fe
                    0x03fe                  _SPI1STATH = 0x3fe
                    0x03fe                  _SPI1STATHbits = 0x3fe
                    0x0400                  SPI1BUFL = 0x400
                    0x0400                  _SPI1BUFL = 0x400
                    0x0400                  _SPI1BUFLbits = 0x400
                    0x0402                  SPI1BUFH = 0x402
                    0x0402                  _SPI1BUFH = 0x402
                    0x0402                  _SPI1BUFHbits = 0x402
                    0x0404                  SPI1BRGL = 0x404
                    0x0404                  _SPI1BRGL = 0x404
                    0x0404                  _SPI1BRGLbits = 0x404
                    0x0408                  SPI1IMSK1 = 0x408
                    0x0408                  _SPI1IMSK1 = 0x408
                    0x0408                  _SPI1IMSK1bits = 0x408
                    0x0408                  SPI1IMSKL = 0x408
                    0x0408                  _SPI1IMSKL = 0x408
                    0x0408                  _SPI1IMSKLbits = 0x408
                    0x040a                  SPI1IMSK2 = 0x40a
                    0x040a                  _SPI1IMSK2 = 0x40a
                    0x040a                  _SPI1IMSK2bits = 0x40a
                    0x040a                  SPI1IMSKH = 0x40a
                    0x040a                  _SPI1IMSKH = 0x40a
                    0x040a                  _SPI1IMSKHbits = 0x40a
                    0x040c                  SPI1URDTL = 0x40c
                    0x040c                  _SPI1URDTL = 0x40c
                    0x040c                  _SPI1URDTLbits = 0x40c
                    0x040e                  SPI1URDTH = 0x40e
                    0x040e                  _SPI1URDTH = 0x40e
                    0x040e                  _SPI1URDTHbits = 0x40e
                    0x0410                  SPI2CON1 = 0x410
                    0x0410                  _SPI2CON1 = 0x410
                    0x0410                  _SPI2CON1bits = 0x410
                    0x0410                  SPI2CON1L = 0x410
                    0x0410                  _SPI2CON1L = 0x410
                    0x0410                  _SPI2CON1Lbits = 0x410
                    0x0412                  SPI2CON1H = 0x412
                    0x0412                  _SPI2CON1H = 0x412
                    0x0412                  _SPI2CON1Hbits = 0x412
                    0x0412                  SPI2CON2 = 0x412
                    0x0412                  _SPI2CON2 = 0x412
                    0x0412                  _SPI2CON2bits = 0x412
                    0x0414                  SPI2CON2L = 0x414
                    0x0414                  _SPI2CON2L = 0x414
                    0x0414                  _SPI2CON2Lbits = 0x414
                    0x0414                  SPI2CON3 = 0x414
                    0x0414                  _SPI2CON3 = 0x414
                    0x0414                  _SPI2CON3bits = 0x414
                    0x0418                  SPI2STATL = 0x418
                    0x0418                  _SPI2STATL = 0x418
                    0x0418                  _SPI2STATLbits = 0x418
                    0x041a                  SPI2STATH = 0x41a
                    0x041a                  _SPI2STATH = 0x41a
                    0x041a                  _SPI2STATHbits = 0x41a
                    0x041c                  SPI2BUFL = 0x41c
                    0x041c                  _SPI2BUFL = 0x41c
                    0x041c                  _SPI2BUFLbits = 0x41c
                    0x041e                  SPI2BUFH = 0x41e
                    0x041e                  _SPI2BUFH = 0x41e
                    0x041e                  _SPI2BUFHbits = 0x41e
                    0x0420                  SPI2BRGL = 0x420
                    0x0420                  _SPI2BRGL = 0x420
                    0x0420                  _SPI2BRGLbits = 0x420
                    0x0424                  SPI2IMSK1 = 0x424
                    0x0424                  _SPI2IMSK1 = 0x424
                    0x0424                  _SPI2IMSK1bits = 0x424
                    0x0424                  SPI2IMSKL = 0x424
                    0x0424                  _SPI2IMSKL = 0x424
                    0x0424                  _SPI2IMSKLbits = 0x424
                    0x0426                  SPI2IMSK2 = 0x426
                    0x0426                  _SPI2IMSK2 = 0x426
                    0x0426                  _SPI2IMSK2bits = 0x426
                    0x0426                  SPI2IMSKH = 0x426
                    0x0426                  _SPI2IMSKH = 0x426
                    0x0426                  _SPI2IMSKHbits = 0x426
                    0x0428                  SPI2URDTL = 0x428
                    0x0428                  _SPI2URDTL = 0x428
                    0x0428                  _SPI2URDTLbits = 0x428
                    0x042a                  SPI2URDTH = 0x42a
                    0x042a                  _SPI2URDTH = 0x42a
                    0x042a                  _SPI2URDTHbits = 0x42a
                    0x042c                  SPI3CON1 = 0x42c
                    0x042c                  _SPI3CON1 = 0x42c
                    0x042c                  _SPI3CON1bits = 0x42c
                    0x042c                  SPI3CON1L = 0x42c
                    0x042c                  _SPI3CON1L = 0x42c
                    0x042c                  _SPI3CON1Lbits = 0x42c
                    0x042e                  SPI3CON1H = 0x42e
                    0x042e                  _SPI3CON1H = 0x42e
                    0x042e                  _SPI3CON1Hbits = 0x42e
                    0x042e                  SPI3CON2 = 0x42e
                    0x042e                  _SPI3CON2 = 0x42e
                    0x042e                  _SPI3CON2bits = 0x42e
                    0x0430                  SPI3CON2L = 0x430
                    0x0430                  _SPI3CON2L = 0x430
                    0x0430                  _SPI3CON2Lbits = 0x430
                    0x0430                  SPI3CON3 = 0x430
                    0x0430                  _SPI3CON3 = 0x430
                    0x0430                  _SPI3CON3bits = 0x430
                    0x0434                  SPI3STATL = 0x434
                    0x0434                  _SPI3STATL = 0x434
                    0x0434                  _SPI3STATLbits = 0x434
                    0x0436                  SPI3STATH = 0x436
                    0x0436                  _SPI3STATH = 0x436
                    0x0436                  _SPI3STATHbits = 0x436
                    0x0438                  SPI3BUFL = 0x438
                    0x0438                  _SPI3BUFL = 0x438
                    0x0438                  _SPI3BUFLbits = 0x438
                    0x043a                  SPI3BUFH = 0x43a
                    0x043a                  _SPI3BUFH = 0x43a
                    0x043a                  _SPI3BUFHbits = 0x43a
                    0x043c                  SPI3BRGL = 0x43c
                    0x043c                  _SPI3BRGL = 0x43c
                    0x043c                  _SPI3BRGLbits = 0x43c
                    0x0440                  SPI3IMSK1 = 0x440
                    0x0440                  _SPI3IMSK1 = 0x440
                    0x0440                  _SPI3IMSK1bits = 0x440
                    0x0440                  SPI3IMSKL = 0x440
                    0x0440                  _SPI3IMSKL = 0x440
                    0x0440                  _SPI3IMSKLbits = 0x440
                    0x0442                  SPI3IMSK2 = 0x442
                    0x0442                  _SPI3IMSK2 = 0x442
                    0x0442                  _SPI3IMSK2bits = 0x442
                    0x0442                  SPI3IMSKH = 0x442
                    0x0442                  _SPI3IMSKH = 0x442
                    0x0442                  _SPI3IMSKHbits = 0x442
                    0x0444                  SPI3URDTL = 0x444
                    0x0444                  _SPI3URDTL = 0x444
                    0x0444                  _SPI3URDTLbits = 0x444